Dec  7 13:28:01 mail postfix/smtpd[18505]: connect from localhost[127.0.0.1]
Dec  7 13:28:01 mail postfix/smtpd[18505]: A17F830001CA: client=localhost[127.0.0.1]
Dec  7 13:28:01 mail postfix/cleanup[18502]: A17F830001CA: message-id=<000msgid0000@example.com>
Dec  7 13:28:01 mail postfix/qmgr[3398]: A17F830001CA: from=<bounces@some.example.com>, size=2259, nrcpt=1 (queue active)
Dec  7 13:28:01 mail postfix/smtpd[18505]: disconnect from localhost[127.0.0.1] ehlo=1 mail=1 rcpt=1 data=1 quit=1 commands=5
Dec  7 13:28:01 mail amavis[25465]: (25465-19) 1dXuR43lMHsW FWD from <bounces@some.example.com> -> <recipient@recipient.com>, BODY=7BIT 250 2.0.0 from MTA(smtp:[127.0.0.1]:10025): 250 2.0.0 Ok: queued as A17F830001CA
Dec  7 13:28:01 mail amavis[25465]: (25465-19) Passed CLEAN {RelayedOpenRelay}, [68.183.218.8]:34872 [195.37.90.23] <bounces@some.example.com> -> <recipient@recipient.com>, Queue-ID: 78E8330001C7, Message-ID: <000msgid0000@example.com>, mail_id: 1dXuR43lMHsW, Hits: -, size: 2040, queued_as: A17F830001CA, 92 ms
Dec  7 13:28:01 mail postfix/smtp[18503]: 78E8330001C7: to=<recipient@recipient.com>, relay=127.0.0.1[127.0.0.1]:10024, delay=0.2, delays=0.11/0/0/0.09, dsn=2.0.0, status=sent (250 2.0.0 from MTA(smtp:[127.0.0.1]:10025): 250 2.0.0 Ok: queued as A17F830001CA)
Dec  7 13:28:01 mail postfix/qmgr[3398]: 78E8330001C7: removed
Dec  7 13:28:01 mail amavis[25465]: (25465-19) size: 2040, TIMING [total 98 ms] - SMTP greeting: 1.9 (2%)2, SMTP EHLO: 0.6 (1%)3, SMTP pre-MAIL: 0.4 (0%)3, SMTP MAIL: 0.8 (1%)4, SMTP pre-DATA-flush: 0.7 (1%)4, SMTP DATA: 38 (39%)43, check_init: 0.4 (0%)44, digest_hdr: 0.3 (0%)44, digest_body: 0.1 (0%)44, collect_info: 0.9 (1%)45, mime_decode: 4.6 (5%)49, get-file-type1: 23 (23%)72, parts_decode: 0.1 (0%)73, check_header: 0.3 (0%)73, decide_mail_destiny: 0.5 (1%)73, notif-quar: 0.2 (0%)74, fwd-connect: 3.7 (4%)77, fwd-mail-pip: 2.5 (3%)80, fwd-rcpt-pip: 0.1 (0%)80, fwd-data-chkpnt: 0.0 (0%)80, write-header: 0.4 (0%)81, fwd-data-contents: 0.0 (0%)81, fwd-end-chkpnt: 4.4 (4%)85, prepare-dsn: 0.7 (1%)86, report: 1.7 (2%)87, main_log_entry: 6 (6%)94, update_snmp: 0.9 (1%)94, SMTP pre-response: 0.3 (0%)95, SMTP response: 0.1 (0%)95, unlink-1-files: 0.2 (0%)95, rundown: 4.8 (5%)100
Dec  7 13:28:01 mail postfix/qmgr[3398]: 939E030001C8: from=<bounces@some.example.com>, size=744, nrcpt=1 (queue active)
Dec  7 13:28:01 mail postfix/submission/smtpd[18825]: disconnect from unknown[68.183.218.8] ehlo=2 starttls=1 auth=1 mail=1 rcpt=1 data=1 quit=1 commands=8
Dec  7 13:28:01 mail amavis[28009]: (28009-17) ESMTP :10024 /var/lib/amavis/tmp/amavis-20201207T120619-28009-KcgGO3R9: <bounces@some.example.com> -> <mail@another.com> SIZE=744 Received: from mail.some.example.com ([127.0.0.1]) by localhost (mail.some.example.com [127.0.0.1]) (amavisd-new, port 10024) with ESMTP for <mail@another.com>; Mon,  7 Dec 2020 13:28:01 +0000 (UTC)
Dec  7 13:28:01 mail amavis[28009]: (28009-17) Checking: KHpU-teGwruB [68.183.218.8] <bounces@some.example.com> -> <mail@another.com>
Dec  7 13:28:01 mail amavis[28009]: (28009-17) Open relay? Nonlocal recips but not originating: mail@another.com
Dec  7 13:28:01 mail amavis[28009]: (28009-17) p001 1 Content-Type: text/plain, 7bit, size: 123, SHA1 digest: 0083e6b4ef61d28dbb67a54bae71bcea94578df8
Dec  7 13:28:01 mail postfix/qmgr[3398]: BA8BA30001C7: from=<bounces@some.example.com>, size=1453, nrcpt=1 (queue active)
Dec  7 13:28:01 mail postfix/smtpd[18505]: disconnect from localhost[127.0.0.1] ehlo=1 mail=1 rcpt=1 data=1 quit=1 commands=5
Dec  7 13:28:01 mail amavis[28009]: (28009-17) KHpU-teGwruB FWD from <bounces@some.example.com> -> <mail@another.com>, BODY=7BIT 250 2.0.0 from MTA(smtp:[127.0.0.1]:10025): 250 2.0.0 Ok: queued as BA8BA30001C7
Dec  7 13:28:01 mail amavis[28009]: (28009-17) Passed CLEAN {RelayedOpenRelay}, [68.183.218.8]:34874 [195.37.90.23] <bounces@some.example.com> -> <mail@another.com>, Queue-ID: 939E030001C8, Message-ID: <bfba54f08edd93dcc925b3f7610a1165@phplist.some.example.com>, mail_id: KHpU-teGwruB, Hits: -, size: 1244, queued_as: BA8BA30001C7, 83 ms
Dec  7 13:28:01 mail amavis[28009]: (28009-17) size: 1244, TIMING [total 85 ms] - SMTP greeting: 2.0 (2%)2, SMTP EHLO: 0.4 (0%)3, SMTP pre-MAIL: 0.4 (0%)3, SMTP MAIL: 0.8 (1%)4, SMTP pre-DATA-flush: 0.7 (1%)5, SMTP DATA: 39 (45%)50, check_init: 0.4 (0%)51, digest_hdr: 0.3 (0%)51, digest_body: 0.1 (0%)51, collect_info: 0.8 (1%)52, mime_decode: 3.7 (4%)57, get-file-type1: 14 (17%)73, parts_decode: 0.1 (0%)73, check_header: 0.3 (0%)74, decide_mail_destiny: 0.5 (1%)74, notif-quar: 0.2 (0%)74, fwd-connect: 3.0 (4%)78, fwd-mail-pip: 2.4 (3%)81, fwd-rcpt-pip: 0.1 (0%)81, fwd-data-chkpnt: 0.0 (0%)81, write-header: 0.3 (0%)81, fwd-data-contents: 0.0 (0%)81, fwd-end-chkpnt: 4.3 (5%)86, prepare-dsn: 0.5 (1%)87, report: 1.6 (2%)89, main_log_entry: 8 (9%)98, update_snmp: 0.8 (1%)99, SMTP pre-response: 0.3 (0%)99, SMTP response: 0.1 (0%)99, unlink-1-files: 0.2 (0%)99, rundown: 0.5 (1%)100
Dec  7 13:28:01 mail postfix/smtp[18503]: 939E030001C8: to=<mail@another.com>, relay=127.0.0.1[127.0.0.1]:10024, delay=0.18, delays=0.09/0/0/0.08, dsn=2.0.0, status=sent (250 2.0.0 from MTA(smtp:[127.0.0.1]:10025): 250 2.0.0 Ok: queued as BA8BA30001C7)
Dec  7 13:28:01 mail postfix/qmgr[3398]: 939E030001C8: removed
Dec  7 13:28:01 mail postfix/smtp[18834]: Trusted TLS connection established to spool.mail.gandi.net[217.70.178.1]:25: TLSv1.2 with cipher ECDHE-RSA-AES256-GCM-SHA384 (256/256 bits)
Dec  7 13:28:02 mail postfix/smtp[18832]: Trusted TLS connection established to mailin5.zih.recipient.relay.example.com[11.22.33.44]:25: TLSv1.2 with cipher DHE-RSA-AES256-GCM-SHA384 (256/256 bits)
Dec  7 13:28:02 mail postfix/smtp[18832]: A17F830001CA: host mailin5.zih.recipient.relay.example.com[11.22.33.44] said: 451-You have been greylisted. This is part of our standard anti-spam measures 451-and your mail system should automatically try again later. We will accept 451 this mail from you in 42 seconds (in reply to RCPT TO command)
Dec  7 13:28:02 mail postfix/smtp[18834]: BA8BA30001C7: to=<mail@another.com>, relay=spool.mail.gandi.net[217.70.178.1]:25, delay=0.39, delays=0/0.02/0.15/0.21, dsn=2.0.0, status=sent (250 2.0.0 Ok: queued as 00AC27401BF)
Dec  7 13:28:02 mail postfix/qmgr[3398]: BA8BA30001C7: removed
Dec  7 13:28:02 mail postfix/smtp[18832]: Trusted TLS connection established to mailin6.zih.recipient.relay.example.com[141.30.67.69]:25: TLSv1.2 with cipher DHE-RSA-AES256-GCM-SHA384 (256/256 bits)
Dec  7 13:28:02 mail postfix/smtp[18832]: A17F830001CA: to=<recipient@recipient.com>, relay=mailin6.zih.recipient.relay.example.com[141.30.67.69]:25, delay=0.75, delays=0/0.03/0.66/0.06, dsn=4.0.0, status=deferred (host mailin6.zih.recipient.relay.example.com[141.30.67.69] said: 451-You have been greylisted. This is part of our standard anti-spam measures 451-and your mail system should automatically try again later. We will accept 451 this mail from you in 42 seconds (in reply to RCPT TO command))
Dec  7 13:29:38 mail dovecot: pop3-login: Login: user=<discourse@some.example.com>, method=PLAIN, rip=78.55.5.173, lip=172.18.0.2, mpid=19259, TLS, session=<US9g0d+1NL9ONwWt>
Dec  7 13:29:38 mail dovecot: pop3(discourse@some.example.com)<19259><US9g0d+1NL9ONwWt>: Disconnected: Logged out top=0/0, retr=0/0, del=0/0, size=0
Dec  7 13:30:14 mail amavis[25465]: (25465-20) qVWyum9apF7N FWD from <another.user@some.example.com> -> <user2@some.example.com>, BODY=8BITMIME 250 2.0.0 from MTA(smtp:[127.0.0.1]:10025): 250 2.0.0 Ok: queued as 4E8FF30001C8
Dec  7 13:30:14 mail amavis[25465]: (25465-20) Passed CLEAN {RelayedInbound}, [79.106.69.106]:58754 [79.106.69.106] <another.user@some.example.com> -> <user2@some.example.com>, Queue-ID: 0025630001C7, Message-ID: <bd78bb15-025d-cc7b-7d73-c79bf75eeace@some.example.com>, mail_id: qVWyum9apF7N, Hits: -, size: 22131, queued_as: 4E8FF30001C8, 127 ms
Dec  7 13:30:14 mail postfix/smtp[19418]: 0025630001C7: to=<user2@some.example.com>, relay=127.0.0.1[127.0.0.1]:10024, delay=0.4, delays=0.25/0.01/0/0.13, dsn=2.0.0, status=sent (250 2.0.0 from MTA(smtp:[127.0.0.1]:10025): 250 2.0.0 Ok: queued as 4E8FF30001C8)
Dec  7 13:30:14 mail postfix/qmgr[3398]: 0025630001C7: removed
Dec  7 13:30:14 mail amavis[25465]: (25465-20) size: 22131, TIMING [total 134 ms] - SMTP greeting: 1.4 (1%)1, SMTP EHLO: 0.6 (0%)2, SMTP pre-MAIL: 0.6 (0%)2, SMTP MAIL: 0.8 (1%)3, SMTP pre-DATA-flush: 0.7 (1%)3, SMTP DATA: 39 (29%)32, check_init: 0.4 (0%)32, digest_hdr: 0.3 (0%)33, digest_body: 0.2 (0%)33, collect_info: 0.7 (1%)33, mime_decode: 9 (7%)40, get-file-type2: 32 (24%)65, parts_decode: 0.1 (0%)65, check_header: 0.3 (0%)65, decide_mail_destiny: 0.8 (1%)65, notif-quar: 0.2 (0%)66, fwd-connect: 17 (13%)78, fwd-mail-pip: 11 (8%)87, fwd-rcpt-pip: 0.2 (0%)87, fwd-data-chkpnt: 0.0 (0%)87, write-header: 0.3 (0%)87, fwd-data-contents: 0.2 (0%)88, fwd-end-chkpnt: 5 (4%)92, prepare-dsn: 0.6 (0%)92, report: 0.9 (1%)93, main_log_entry: 3.2 (2%)95, update_snmp: 4.2 (3%)98, SMTP pre-response: 0.3 (0%)98, SMTP response: 0.1 (0%)98, unlink-2-files: 0.2 (0%)99, rundown: 1.9 (1%)100
Dec  7 13:30:14 mail amavis[25465]: (25465-20) Requesting process rundown after 20 tasks (and 20 sessions)
Dec  7 13:30:14 mail dovecot: lmtp(19423): Connect from local
Dec  7 13:30:14 mail dovecot: lmtp(user2@some.example.com)<19423><I861FWYuzl/fSwAAWP5Hkg>: msgid=<bd78bb15-025d-cc7b-7d73-c79bf75eeace@some.example.com>: saved mail to INBOX
Dec  7 13:30:14 mail dovecot: lmtp(19423): Disconnect from local: Client has quit the connection (state=READY)
Dec  7 13:30:14 mail postfix/lmtp[19422]: 4E8FF30001C8: to=<user2@some.example.com>, relay=mail.some.example.com[/var/run/dovecot/lmtp], delay=0.09, delays=0.01/0.03/0.01/0.04, dsn=2.0.0, status=sent (250 2.0.0 <user2@some.example.com> I861FWYuzl/fSwAAWP5Hkg Saved)
Dec  7 13:30:14 mail postfix/qmgr[3398]: 4E8FF30001C8: removed
Dec  7 13:30:14 mail amavis[309]: sd_notify (no socket): STATUS=Starting child process(es), ready for work.
Dec  7 13:30:14 mail dovecot: imap-login: Login: user=<another.user@some.example.com>, method=PLAIN, rip=79.106.69.106, lip=172.18.0.2, mpid=19430, TLS, session=<jBCG09+1huxPakVq>
Dec  7 13:30:14 mail dovecot: imap(another.user@some.example.com)<19430><jBCG09+1huxPakVq>: Logged out in=21756 out=588 deleted=0 expunged=0 trashed=0 hdr_count=0 hdr_bytes=0 body_count=0 body_bytes=0
Dec  7 13:30:51 mail dovecot: imap(user2@some.example.com)<11729><K05Rbt+1rN1ONwWt>: Connection closed (IDLE running for 0.001 + waiting input for 1097.183 secs, 2 B in + 10 B out, state=wait-input) in=1516 out=259996 deleted=0 expunged=0 trashed=0 hdr_count=2 hdr_bytes=705 body_count=2 body_bytes=7325
Dec  7 13:33:34 mail postfix/anvil[18492]: statistics: max connection rate 2/60s for (submission:68.183.218.8) at Dec  7 13:28:01
Dec  7 13:33:34 mail postfix/anvil[18492]: statistics: max connection count 1 for (smtpd:209.85.218.50) at Dec  7 13:26:48
Dec  7 13:33:34 mail postfix/anvil[18492]: statistics: max cache size 1 at Dec  7 13:26:48
Dec  7 13:34:31 mail dovecot: imap(hello@some.example.com)<30309><IoiuuN61mxFYgp+W>: Disconnected for inactivity in=1845 out=3930 deleted=0 expunged=0 trashed=0 hdr_count=0 hdr_bytes=0 body_count=0 body_bytes=0
Dec  7 13:35:05 mail dovecot: imap(another@some.example.com)<13512><4ukJht+1rOBONwWt>: Connection closed (IDLE running for 0.001 + waiting input for 1062.453 secs, 2 B in + 10 B out, state=wait-input) in=502 out=3427 deleted=0 expunged=0 trashed=0 hdr_count=0 hdr_bytes=0 body_count=0 body_bytes=0
Dec  7 13:35:07 mail postfix/qmgr[3398]: A17F830001CA: from=<bounces@some.example.com>, size=2259, nrcpt=1 (queue active)
Dec  7 13:35:07 mail postfix/smtp[20714]: Trusted TLS connection established to mailin5.zih.recipient.relay.example.com[11.22.33.44]:25: TLSv1.2 with cipher DHE-RSA-AES256-GCM-SHA384 (256/256 bits)
Dec  7 13:35:08 mail postfix/smtp[20714]: A17F830001CA: to=<recipient@recipient.com>, relay=mailin5.zih.recipient.relay.example.com[11.22.33.44]:25, delay=427, delays=426/0.02/0.17/1.1, dsn=2.0.0, status=sent (250 OK id=1kmGfT-00056j-NK)
Dec  7 13:35:08 mail postfix/qmgr[3398]: A17F830001CA: removed
