Sep  4 01:24:53 smtpnode06 postfix-170.55.103.23/cleanup[6979]: A16523D477: message-id=<h-daa7b32c5029d3a603b0e526827f189f@h-5e67b9b4406.com>
Sep  4 01:24:53 smtpnode06 postfix-170.55.103.23/qmgr[2710]: A16523D477: from=<h-031a55e5a6a901a7be94@h-5e67b9b4406.com>, size=10526, nrcpt=1 (queue active)
Sep  4 01:24:53 smtpnode06 h-353d61658b320[3831]: connect from 170.55.103.23
Sep  4 01:24:53 smtpnode06 postfix-170.55.103.23/smtpd[5946]: connect from h-d31ae31e5f8e95fe54a540[170.55.103.23]
Sep  4 01:24:53 smtpnode06 postfix-170.55.103.23/smtp[6980]: discarding EHLO keywords: 8BITMIME STARTTLS
Sep  4 01:24:53 smtpnode06 postfix-170.55.103.23/smtpd[5946]: B75E13D478: client=h-d31ae31e5f8e95fe54a540[170.55.103.23]
Sep  4 01:24:53 smtpnode06 h-353d61658b320[3831]: DKIM signing - signed; message-id=<h-daa7b32c5029d3a603b0e526827f189f@h-5e67b9b4406.com>, signer=<@h-5e67b9b4406>, from=<h-5bdcd3c@h-01edc2ce3966fe46cf1e.com>
Sep  4 01:24:53 smtpnode06 postfix-170.55.103.23/cleanup[6979]: B75E13D478: message-id=<h-daa7b32c5029d3a603b0e526827f189f@h-5e67b9b4406.com>
Sep  4 01:24:53 smtpnode06 postfix-170.55.103.23/qmgr[2710]: B75E13D478: from=<h-031a55e5a6a901a7be94@h-5e67b9b4406.com>, size=11145, nrcpt=1 (queue active)
Sep  4 01:24:53 smtpnode06 postfix-170.55.103.23/smtp[6980]: A16523D477: to=<h-bdb01a3e00bf3@h-7db8006395b.com>, relay=170.55.103.23[170.55.103.23]:2501, delay=0.15, delays=0.13/0/0/0.02, dsn=2.0.0, status=sent (250 2.0.0 Ok: queued as B75E13D478)
Sep  4 01:24:53 smtpnode06 postfix-170.55.103.23/qmgr[2710]: A16523D477: removed
Sep  4 01:24:53 smtpnode06 postfix-170.55.103.23/smtpd[5946]: disconnect from h-d31ae31e5f8e95fe54a540[170.55.103.23] ehlo=1 mail=1 rcpt=1 data=1 quit=1 commands=5
Sep  4 01:24:53 smtpnode06 postfix-170.55.103.23/smtpd[5965]: disconnect from h-d04c17c68166c9deda13c8e79ad[112.83.23.93] ehlo=1 mail=1 rcpt=1 data=1 quit=1 commands=5
Sep  4 01:24:53 smtpnode06 postfix-170.55.103.23/smtp[6939]: Trusted TLS connection established to h-bbc4b9165ca87161771776f10f217c9a551bfc[254.112.120.83]:25: TLSv1.2 with cipher ECDHE-RSA-AES256-GCM-SHA384 (256/256 bits)
Sep  4 01:24:54 smtpnode06 postfix-170.55.103.23/smtp[6939]: B75E13D478: to=<h-bdb01a3e00bf3@h-7db8006395b.com>, relay=h-bbc4b9165ca87161771776f10f217c9a551bfc[254.112.120.83]:25, delay=0.51, delays=0.02/0/0.03/0.47, dsn=2.6.0, status=sent (250 2.6.0 <h-daa7b32c5029d3a603b0e526827f189f@h-5e67b9b4406.com> [InternalId=81823421966319, Hostname=h-294aefb6d2231a16f7b9a15.h-ae356a81c0f1953ae829d6902d5] 18746 bytes in 0.252, 72.421 KB/sec Queued mail for delivery -> 250 2.1.5)
Sep  4 01:24:54 smtpnode06 postfix-170.55.103.23/qmgr[2710]: B75E13D478: removed
Sep  4 01:24:57 smtpnode06 postfix-170.55.103.23/smtpd[5963]: connect from h-d04c17c68166c9deda13c8e79ad[112.83.23.93]
Sep  4 01:24:57 smtpnode06 postfix-170.55.103.23/smtpd[5963]: B649E3D477: client=h-d04c17c68166c9deda13c8e79ad[112.83.23.93]
Sep  4 01:24:57 smtpnode06 postfix-170.55.103.23/cleanup[6979]: B649E3D477: message-id=<h-a109b11f5e930ae6c23ccba650c10642@h-5e67b9b4406.com>
Sep  4 01:24:57 smtpnode06 postfix-170.55.103.23/qmgr[2710]: B649E3D477: from=<h-031a55e5a6a901a7be94@h-5e67b9b4406.com>, size=10514, nrcpt=1 (queue active)
Sep  4 01:24:57 smtpnode06 h-353d61658b320[2781]: connect from 170.55.103.23
Sep  4 01:24:57 smtpnode06 postfix-170.55.103.23/smtpd[5993]: connect from h-d31ae31e5f8e95fe54a540[170.55.103.23]
Sep  4 01:24:57 smtpnode06 postfix-170.55.103.23/smtp[6980]: discarding EHLO keywords: 8BITMIME STARTTLS
Sep  4 01:24:57 smtpnode06 postfix-170.55.103.23/smtpd[5993]: CB7A83D478: client=h-d31ae31e5f8e95fe54a540[170.55.103.23]
Sep  4 01:24:57 smtpnode06 h-353d61658b320[2781]: DKIM signing - signed; message-id=<h-a109b11f5e930ae6c23ccba650c10642@h-5e67b9b4406.com>, signer=<@h-5e67b9b4406>, from=<h-5bdcd3c@h-01edc2ce3966fe46cf1e.com>
Sep  4 01:24:57 smtpnode06 postfix-170.55.103.23/cleanup[6979]: CB7A83D478: message-id=<h-a109b11f5e930ae6c23ccba650c10642@h-5e67b9b4406.com>
Sep  4 01:24:57 smtpnode06 postfix-170.55.103.23/qmgr[2710]: CB7A83D478: from=<h-031a55e5a6a901a7be94@h-5e67b9b4406.com>, size=11130, nrcpt=1 (queue active)
Sep  4 01:24:57 smtpnode06 postfix-170.55.103.23/smtp[6980]: B649E3D477: to=<h-7592754877@h-7db8006395b.com>, relay=170.55.103.23[170.55.103.23]:2501, delay=0.15, delays=0.12/0/0/0.02, dsn=2.0.0, status=sent (250 2.0.0 Ok: queued as CB7A83D478)
Sep  4 01:24:57 smtpnode06 postfix-170.55.103.23/qmgr[2710]: B649E3D477: removed
Sep  4 01:24:57 smtpnode06 postfix-170.55.103.23/smtpd[5993]: disconnect from h-d31ae31e5f8e95fe54a540[170.55.103.23] ehlo=1 mail=1 rcpt=1 data=1 quit=1 commands=5
Sep  4 01:24:57 smtpnode06 postfix-170.55.103.23/smtpd[5963]: disconnect from h-d04c17c68166c9deda13c8e79ad[112.83.23.93] ehlo=1 mail=1 rcpt=1 data=1 quit=1 commands=5
Sep  4 01:24:58 smtpnode06 postfix-170.55.103.23/smtp[6936]: Trusted TLS connection established to h-bbc4b9165ca87161771776f10f217c9a551bfc[254.112.112.83]:25: TLSv1.2 with cipher ECDHE-RSA-AES256-GCM-SHA384 (256/256 bits)
Sep  4 01:24:59 smtpnode06 postfix-170.55.103.23/smtp[6936]: CB7A83D478: to=<h-7592754877@h-7db8006395b.com>, relay=h-bbc4b9165ca87161771776f10f217c9a551bfc[254.112.112.83]:25, delay=1.4, delays=0.02/0/0.85/0.54, dsn=2.6.0, status=sent (250 2.6.0 <h-a109b11f5e930ae6c23ccba650c10642@h-5e67b9b4406.com> [InternalId=51470888106347, Hostname=h-51c34b4a475ec075ed032d4.h-ae356a81c0f1953ae829d6902d5] 18724 bytes in 0.226, 80.605 KB/sec Queued mail for delivery -> 250 2.1.5)
Sep  4 01:24:59 smtpnode06 postfix-170.55.103.23/qmgr[2710]: CB7A83D478: removed
Sep  4 01:25:00 smtpnode06 postfix-170.55.103.23/smtpd[5965]: connect from h-d04c17c68166c9deda13c8e79ad[112.83.23.93]
Sep  4 01:25:00 smtpnode06 postfix-170.55.103.23/smtpd[5965]: 85C093D477: client=h-d04c17c68166c9deda13c8e79ad[112.83.23.93]
Sep  4 01:25:00 smtpnode06 postfix-170.55.103.23/cleanup[6979]: 85C093D477: message-id=<h-d697b9fde91e257d0f45d0e1399bfe9a@h-5e67b9b4406.com>
Sep  4 01:25:00 smtpnode06 postfix-170.55.103.23/qmgr[2710]: 85C093D477: from=<h-031a55e5a6a901a7be94@h-5e67b9b4406.com>, size=11244, nrcpt=1 (queue active)
Sep  4 01:25:00 smtpnode06 h-353d61658b320[6961]: connect from 170.55.103.23
Sep  4 01:25:00 smtpnode06 postfix-170.55.103.23/smtpd[5946]: connect from h-d31ae31e5f8e95fe54a540[170.55.103.23]
Sep  4 01:25:00 smtpnode06 postfix-170.55.103.23/smtp[6980]: discarding EHLO keywords: 8BITMIME STARTTLS
Sep  4 01:25:00 smtpnode06 postfix-170.55.103.23/smtpd[5946]: 9C05C3D478: client=h-d31ae31e5f8e95fe54a540[170.55.103.23]
Sep  4 01:25:00 smtpnode06 h-353d61658b320[6961]: DKIM signing - signed; message-id=<h-d697b9fde91e257d0f45d0e1399bfe9a@h-5e67b9b4406.com>, signer=<@h-5e67b9b4406>, from=<h-5bdcd3c@h-01edc2ce3966fe46cf1e.com>
Sep  4 01:25:00 smtpnode06 postfix-170.55.103.23/cleanup[6979]: 9C05C3D478: message-id=<h-d697b9fde91e257d0f45d0e1399bfe9a@h-5e67b9b4406.com>
Sep  4 01:25:00 smtpnode06 postfix-170.55.103.23/qmgr[2710]: 9C05C3D478: from=<h-031a55e5a6a901a7be94@h-5e67b9b4406.com>, size=11857, nrcpt=1 (queue active)
Sep  4 01:25:00 smtpnode06 postfix-170.55.103.23/smtp[6980]: 85C093D477: to=<h-3c81d2b56@h-526472e87.com>, relay=170.55.103.23[170.55.103.23]:2501, delay=0.16, delays=0.13/0/0/0.02, dsn=2.0.0, status=sent (250 2.0.0 Ok: queued as 9C05C3D478)
Sep  4 01:25:00 smtpnode06 postfix-170.55.103.23/smtpd[5946]: disconnect from h-d31ae31e5f8e95fe54a540[170.55.103.23] ehlo=1 mail=1 rcpt=1 data=1 quit=1 commands=5
Sep  4 01:25:00 smtpnode06 postfix-170.55.103.23/qmgr[2710]: 85C093D477: removed
Sep  4 01:25:00 smtpnode06 postfix-170.55.103.23/smtpd[5965]: disconnect from h-d04c17c68166c9deda13c8e79ad[112.83.23.93] ehlo=1 mail=1 rcpt=1 data=1 quit=1 commands=5
Sep  4 01:25:00 smtpnode06 postfix-170.55.103.23/smtp[6937]: Trusted TLS connection established to gmail-smtp-in.h-1e99c9eeac07[180.50.229.60]:25: TLSv1.2 with cipher ECDHE-RSA-CHACHA20-POLY1305 (256/256 bits)
Sep  4 01:25:00 smtpnode06 postfix-170.55.103.23/smtp[6937]: 9C05C3D478: to=<h-3c81d2b56@h-526472e87.com>, relay=gmail-smtp-in.h-1e99c9eeac07[180.50.229.60]:25, delay=0.32, delays=0.02/0/0.15/0.15, dsn=2.0.0, status=sent (250 2.0.0 OK  1567556700 q10si16062681pfl.128 - gsmtp)
Sep  4 01:25:00 smtpnode06 postfix-170.55.103.23/qmgr[2710]: 9C05C3D478: removed
Sep  4 01:25:02 smtpnode06 postfix-170.55.103.23/smtpd[5963]: connect from h-d04c17c68166c9deda13c8e79ad[112.83.23.93]
Sep  4 01:25:02 smtpnode06 postfix-170.55.103.23/smtpd[5963]: 7635C3D477: client=h-d04c17c68166c9deda13c8e79ad[112.83.23.93]
Sep  4 01:25:02 smtpnode06 postfix-170.55.103.23/cleanup[6979]: 7635C3D477: message-id=<h-2b09e4af9f522dbc0a578a887d0a0a6f@h-5e67b9b4406.com>
Sep  4 01:25:02 smtpnode06 postfix-170.55.103.23/qmgr[2710]: 7635C3D477: from=<h-031a55e5a6a901a7be94@h-5e67b9b4406.com>, size=11264, nrcpt=1 (queue active)
Sep  4 01:25:02 smtpnode06 h-353d61658b320[31169]: connect from 170.55.103.23
Sep  4 01:25:02 smtpnode06 postfix-170.55.103.23/smtpd[5993]: connect from h-d31ae31e5f8e95fe54a540[170.55.103.23]
Sep  4 01:25:02 smtpnode06 postfix-170.55.103.23/smtp[6980]: discarding EHLO keywords: 8BITMIME STARTTLS
Sep  4 01:25:02 smtpnode06 postfix-170.55.103.23/smtpd[5993]: 8D3773D478: client=h-d31ae31e5f8e95fe54a540[170.55.103.23]
Sep  4 01:25:02 smtpnode06 h-353d61658b320[31169]: DKIM signing - signed; message-id=<h-2b09e4af9f522dbc0a578a887d0a0a6f@h-5e67b9b4406.com>, signer=<@h-5e67b9b4406>, from=<h-5bdcd3c@h-01edc2ce3966fe46cf1e.com>
Sep  4 01:25:02 smtpnode06 postfix-170.55.103.23/cleanup[6979]: 8D3773D478: message-id=<h-2b09e4af9f522dbc0a578a887d0a0a6f@h-5e67b9b4406.com>
Sep  4 01:25:02 smtpnode06 postfix-170.55.103.23/qmgr[2710]: 8D3773D478: from=<h-031a55e5a6a901a7be94@h-5e67b9b4406.com>, size=11882, nrcpt=1 (queue active)
Sep  4 01:25:02 smtpnode06 postfix-170.55.103.23/smtp[6980]: 7635C3D477: to=<h-bfbea250af5801@h-526472e87.com>, relay=170.55.103.23[170.55.103.23]:2501, delay=0.16, delays=0.13/0/0.01/0.02, dsn=2.0.0, status=sent (250 2.0.0 Ok: queued as 8D3773D478)
Sep  4 01:25:02 smtpnode06 postfix-170.55.103.23/smtpd[5993]: disconnect from h-d31ae31e5f8e95fe54a540[170.55.103.23] ehlo=1 mail=1 rcpt=1 data=1 quit=1 commands=5
Sep  4 01:25:02 smtpnode06 postfix-170.55.103.23/qmgr[2710]: 7635C3D477: removed
Sep  4 01:25:02 smtpnode06 postfix-170.55.103.23/smtpd[5963]: disconnect from h-d04c17c68166c9deda13c8e79ad[112.83.23.93] ehlo=1 mail=1 rcpt=1 data=1 quit=1 commands=5
Sep  4 01:25:02 smtpnode06 postfix-170.55.103.23/smtp[6938]: Trusted TLS connection established to gmail-smtp-in.h-1e99c9eeac07[180.50.229.68]:25: TLSv1.2 with cipher ECDHE-RSA-CHACHA20-POLY1305 (256/256 bits)
Sep  4 01:25:03 smtpnode06 postfix-170.55.103.23/smtp[6938]: 8D3773D478: to=<h-bfbea250af5801@h-526472e87.com>, relay=gmail-smtp-in.h-1e99c9eeac07[180.50.229.68]:25, delay=0.48, delays=0.02/0/0.16/0.3, dsn=2.0.0, status=sent (250 2.0.0 OK  1567556703 q11si15978897pgq.282 - gsmtp)
Sep  4 01:25:03 smtpnode06 postfix-170.55.103.23/qmgr[2710]: 8D3773D478: removed
Sep  4 01:25:03 smtpnode06 postfix-170.55.103.23/smtpd[5965]: connect from h-d04c17c68166c9deda13c8e79ad[112.83.23.93]
Sep  4 01:25:03 smtpnode06 postfix-170.55.103.23/smtpd[5965]: 9A44D3D477: client=h-d04c17c68166c9deda13c8e79ad[112.83.23.93]
Sep  4 01:25:03 smtpnode06 postfix-170.55.103.23/cleanup[6979]: 9A44D3D477: message-id=<h-87c56c7e5f7ff77eeb31bc66a59ed516@h-5e67b9b4406.com>
Sep  4 01:25:03 smtpnode06 postfix-170.55.103.23/qmgr[2710]: 9A44D3D477: from=<h-17a85664b355813b33159f8f9@h-5e67b9b4406.com>, size=10588, nrcpt=1 (queue active)
Sep  4 01:25:03 smtpnode06 h-353d61658b320[6946]: connect from 170.55.103.23
Sep  4 01:25:03 smtpnode06 postfix-170.55.103.23/smtpd[5946]: connect from h-d31ae31e5f8e95fe54a540[170.55.103.23]
Sep  4 01:25:03 smtpnode06 postfix-170.55.103.23/smtp[6980]: discarding EHLO keywords: 8BITMIME STARTTLS
Sep  4 01:25:03 smtpnode06 postfix-170.55.103.23/smtpd[5946]: B10E53D478: client=h-d31ae31e5f8e95fe54a540[170.55.103.23]
Sep  4 01:25:03 smtpnode06 h-353d61658b320[6946]: DKIM signing - signed; message-id=<h-87c56c7e5f7ff77eeb31bc66a59ed516@h-5e67b9b4406.com>, signer=<@h-5e67b9b4406>, from=<h-3d273231fd0@h-526472e87.com>
Sep  4 01:25:03 smtpnode06 postfix-170.55.103.23/cleanup[6979]: B10E53D478: message-id=<h-87c56c7e5f7ff77eeb31bc66a59ed516@h-5e67b9b4406.com>
Sep  4 01:25:03 smtpnode06 postfix-170.55.103.23/qmgr[2710]: B10E53D478: from=<h-17a85664b355813b33159f8f9@h-5e67b9b4406.com>, size=11203, nrcpt=1 (queue active)
Sep  4 01:25:03 smtpnode06 postfix-170.55.103.23/smtp[6980]: 9A44D3D477: to=<h-86dcdbe6a53@h-05c3ae107.com>, relay=170.55.103.23[170.55.103.23]:2501, delay=0.16, delays=0.13/0/0/0.02, dsn=2.0.0, status=sent (250 2.0.0 Ok: queued as B10E53D478)
Sep  4 01:25:03 smtpnode06 postfix-170.55.103.23/smtpd[5946]: disconnect from h-d31ae31e5f8e95fe54a540[170.55.103.23] ehlo=1 mail=1 rcpt=1 data=1 quit=1 commands=5
Sep  4 01:25:03 smtpnode06 postfix-170.55.103.23/qmgr[2710]: 9A44D3D477: removed
Sep  4 01:25:03 smtpnode06 postfix-170.55.103.23/smtpd[5965]: disconnect from h-d04c17c68166c9deda13c8e79ad[112.83.23.93] ehlo=1 mail=1 rcpt=1 data=1 quit=1 commands=5
Sep  4 01:25:04 smtpnode06 postfix-170.55.103.23/smtp[6935]: Trusted TLS connection established to h-7f2fc3f0.h-f9671944adb7[165.229.252.180]:25: TLSv1.2 with cipher ECDHE-RSA-AES128-GCM-SHA256 (128/128 bits)
Sep  4 01:25:04 smtpnode06 postfix-170.55.103.23/smtp[6935]: B10E53D478: to=<h-86dcdbe6a53@h-05c3ae107.com>, relay=h-7f2fc3f0.h-f9671944adb7[165.229.252.180]:25, delay=1.1, delays=0.02/0/0.5/0.54, dsn=2.0.0, status=sent (250 ok dirdel)
Sep  4 01:25:04 smtpnode06 postfix-170.55.103.23/qmgr[2710]: B10E53D478: removed
Sep  4 01:25:05 smtpnode06 postfix-170.55.103.23/smtpd[5963]: connect from h-d04c17c68166c9deda13c8e79ad[112.83.23.93]
Sep  4 01:25:05 smtpnode06 postfix-170.55.103.23/smtpd[5963]: 306923D477: client=h-d04c17c68166c9deda13c8e79ad[112.83.23.93]
Sep  4 01:25:05 smtpnode06 postfix-170.55.103.23/cleanup[6979]: 306923D477: message-id=<h-e21651ba6b7f668da6155b14a1097201@h-5e67b9b4406.com>
Sep  4 01:25:05 smtpnode06 postfix-170.55.103.23/qmgr[2710]: 306923D477: from=<h-e65bbe8f9ea3a961d1ac28b1c0971@h-5e67b9b4406.com>, size=10675, nrcpt=1 (queue active)
Sep  4 01:25:05 smtpnode06 h-353d61658b320[3912]: connect from 170.55.103.23
Sep  4 01:25:05 smtpnode06 postfix-170.55.103.23/smtpd[5993]: connect from h-d31ae31e5f8e95fe54a540[170.55.103.23]
Sep  4 01:25:05 smtpnode06 postfix-170.55.103.23/smtp[6980]: discarding EHLO keywords: 8BITMIME STARTTLS
Sep  4 01:25:05 smtpnode06 postfix-170.55.103.23/smtpd[5993]: 48A303D478: client=h-d31ae31e5f8e95fe54a540[170.55.103.23]
Sep  4 01:25:05 smtpnode06 h-353d61658b320[3912]: DKIM signing - signed; message-id=<h-e21651ba6b7f668da6155b14a1097201@h-5e67b9b4406.com>, signer=<@h-5e67b9b4406>, from=<h-bd216b43178b5@h-526472e87.com>
Sep  4 01:25:05 smtpnode06 postfix-170.55.103.23/cleanup[6979]: 48A303D478: message-id=<h-e21651ba6b7f668da6155b14a1097201@h-5e67b9b4406.com>
Sep  4 01:25:05 smtpnode06 postfix-170.55.103.23/qmgr[2710]: 48A303D478: from=<h-e65bbe8f9ea3a961d1ac28b1c0971@h-5e67b9b4406.com>, size=11293, nrcpt=1 (queue active)
Sep  4 01:25:05 smtpnode06 postfix-170.55.103.23/smtp[6980]: 306923D477: to=<h-323146b49f294f@h-05c3ae107.com>, relay=170.55.103.23[170.55.103.23]:2501, delay=0.17, delays=0.13/0/0.01/0.03, dsn=2.0.0, status=sent (250 2.0.0 Ok: queued as 48A303D478)
Sep  4 01:25:05 smtpnode06 postfix-170.55.103.23/smtpd[5993]: disconnect from h-d31ae31e5f8e95fe54a540[170.55.103.23] ehlo=1 mail=1 rcpt=1 data=1 quit=1 commands=5
Sep  4 01:25:05 smtpnode06 postfix-170.55.103.23/smtpd[5963]: disconnect from h-d04c17c68166c9deda13c8e79ad[112.83.23.93] ehlo=1 mail=1 rcpt=1 data=1 quit=1 commands=5
Sep  4 01:25:05 smtpnode06 postfix-170.55.103.23/qmgr[2710]: 306923D477: removed
Sep  4 01:25:05 smtpnode06 postfix-170.55.103.23/smtp[6930]: Trusted TLS connection established to h-2b8e6720.h-f9671944adb7[165.229.55.232]:25: TLSv1.2 with cipher ECDHE-RSA-AES128-GCM-SHA256 (128/128 bits)
Sep  4 01:25:05 smtpnode06 postfix-170.55.103.23/smtpd[5965]: connect from h-d04c17c68166c9deda13c8e79ad[112.83.23.93]
Sep  4 01:25:05 smtpnode06 postfix-170.55.103.23/smtp[6930]: 48A303D478: to=<h-323146b49f294f@h-05c3ae107.com>, relay=h-2b8e6720.h-f9671944adb7[165.229.55.232]:25, delay=0.59, delays=0.02/0/0.2/0.37, dsn=2.0.0, status=sent (250 ok dirdel)
Sep  4 01:25:05 smtpnode06 postfix-170.55.103.23/qmgr[2710]: 48A303D478: removed
Sep  4 01:25:06 smtpnode06 postfix-170.55.103.23/smtpd[5965]: 6706C3D477: client=h-d04c17c68166c9deda13c8e79ad[112.83.23.93]
Sep  4 01:25:06 smtpnode06 postfix-170.55.103.23/cleanup[6979]: 6706C3D477: message-id=<h-4ed0a25f2f0fbc24dbcf7c2571b139d9@h-5e67b9b4406.com>
Sep  4 01:25:06 smtpnode06 postfix-170.55.103.23/qmgr[2710]: 6706C3D477: from=<h-e65bbe8f9ea3a961d1ac28b1c0971@h-5e67b9b4406.com>, size=10667, nrcpt=1 (queue active)
Sep  4 01:25:06 smtpnode06 h-353d61658b320[3831]: connect from 170.55.103.23
Sep  4 01:25:06 smtpnode06 postfix-170.55.103.23/smtpd[5946]: connect from h-d31ae31e5f8e95fe54a540[170.55.103.23]
Sep  4 01:25:06 smtpnode06 postfix-170.55.103.23/smtp[6980]: discarding EHLO keywords: 8BITMIME STARTTLS
Sep  4 01:25:06 smtpnode06 postfix-170.55.103.23/smtpd[5946]: 7D49E3D478: client=h-d31ae31e5f8e95fe54a540[170.55.103.23]
Sep  4 01:25:06 smtpnode06 h-353d61658b320[3831]: DKIM signing - signed; message-id=<h-4ed0a25f2f0fbc24dbcf7c2571b139d9@h-5e67b9b4406.com>, signer=<@h-5e67b9b4406>, from=<h-bd216b43178b5@h-526472e87.com>
Sep  4 01:25:06 smtpnode06 postfix-170.55.103.23/cleanup[6979]: 7D49E3D478: message-id=<h-4ed0a25f2f0fbc24dbcf7c2571b139d9@h-5e67b9b4406.com>
Sep  4 01:25:06 smtpnode06 postfix-170.55.103.23/qmgr[2710]: 7D49E3D478: from=<h-e65bbe8f9ea3a961d1ac28b1c0971@h-5e67b9b4406.com>, size=11281, nrcpt=1 (queue active)
Sep  4 01:25:06 smtpnode06 postfix-170.55.103.23/smtp[6980]: 6706C3D477: to=<h-0063b032db@h-05c3ae107.com>, relay=170.55.103.23[170.55.103.23]:2501, delay=0.16, delays=0.13/0/0.01/0.03, dsn=2.0.0, status=sent (250 2.0.0 Ok: queued as 7D49E3D478)
Sep  4 01:25:06 smtpnode06 postfix-170.55.103.23/qmgr[2710]: 6706C3D477: removed
Sep  4 01:25:06 smtpnode06 postfix-170.55.103.23/smtpd[5946]: disconnect from h-d31ae31e5f8e95fe54a540[170.55.103.23] ehlo=1 mail=1 rcpt=1 data=1 quit=1 commands=5
Sep  4 01:25:06 smtpnode06 postfix-170.55.103.23/smtpd[5965]: disconnect from h-d04c17c68166c9deda13c8e79ad[112.83.23.93] ehlo=1 mail=1 rcpt=1 data=1 quit=1 commands=5
Sep  4 01:25:06 smtpnode06 postfix-170.55.103.23/smtp[6931]: Trusted TLS connection established to h-b12585b0.h-f9671944adb7[165.229.252.180]:25: TLSv1.2 with cipher ECDHE-RSA-AES128-GCM-SHA256 (128/128 bits)
Sep  4 01:25:07 smtpnode06 postfix-170.55.103.23/smtpd[5963]: connect from h-d04c17c68166c9deda13c8e79ad[112.83.23.93]
Sep  4 01:25:07 smtpnode06 postfix-170.55.103.23/smtpd[5963]: 2314E3D477: client=h-d04c17c68166c9deda13c8e79ad[112.83.23.93]
Sep  4 01:25:07 smtpnode06 postfix-170.55.103.23/cleanup[6979]: 2314E3D477: message-id=<h-04bf5786f819eb4b9bd45561199cd8e2@h-5e67b9b4406.com>
Sep  4 01:25:07 smtpnode06 postfix-170.55.103.23/qmgr[2710]: 2314E3D477: from=<h-e65bbe8f9ea3a961d1ac28b1c0971@h-5e67b9b4406.com>, size=10681, nrcpt=1 (queue active)
Sep  4 01:25:07 smtpnode06 h-353d61658b320[2781]: connect from 170.55.103.23
Sep  4 01:25:07 smtpnode06 postfix-170.55.103.23/smtpd[5993]: connect from h-d31ae31e5f8e95fe54a540[170.55.103.23]
Sep  4 01:25:07 smtpnode06 postfix-170.55.103.23/smtp[6980]: discarding EHLO keywords: 8BITMIME STARTTLS
Sep  4 01:25:07 smtpnode06 postfix-170.55.103.23/smtpd[5993]: 3B8D53D47B: client=h-d31ae31e5f8e95fe54a540[170.55.103.23]
Sep  4 01:25:07 smtpnode06 h-353d61658b320[2781]: DKIM signing - signed; message-id=<h-04bf5786f819eb4b9bd45561199cd8e2@h-5e67b9b4406.com>, signer=<@h-5e67b9b4406>, from=<h-bd216b43178b5@h-526472e87.com>
Sep  4 01:25:07 smtpnode06 postfix-170.55.103.23/smtpd[5963]: disconnect from h-d04c17c68166c9deda13c8e79ad[112.83.23.93] ehlo=1 mail=1 rcpt=1 data=1 quit=1 commands=5
Sep  4 01:25:07 smtpnode06 postfix-170.55.103.23/cleanup[6979]: 3B8D53D47B: message-id=<h-04bf5786f819eb4b9bd45561199cd8e2@h-5e67b9b4406.com>
Sep  4 01:25:07 smtpnode06 postfix-170.55.103.23/qmgr[2710]: 3B8D53D47B: from=<h-e65bbe8f9ea3a961d1ac28b1c0971@h-5e67b9b4406.com>, size=11302, nrcpt=1 (queue active)
Sep  4 01:25:07 smtpnode06 postfix-170.55.103.23/smtp[6980]: 2314E3D477: to=<h-7b5bef15509516532@h-05c3ae107.com>, relay=170.55.103.23[170.55.103.23]:2501, delay=0.18, delays=0.13/0/0.01/0.04, dsn=2.0.0, status=sent (250 2.0.0 Ok: queued as 3B8D53D47B)
Sep  4 01:25:07 smtpnode06 postfix-170.55.103.23/smtpd[5993]: disconnect from h-d31ae31e5f8e95fe54a540[170.55.103.23] ehlo=1 mail=1 rcpt=1 data=1 quit=1 commands=5
Sep  4 01:25:07 smtpnode06 postfix-170.55.103.23/qmgr[2710]: 2314E3D477: removed
Sep  4 01:25:07 smtpnode06 postfix-170.55.103.23/smtp[6931]: 7D49E3D478: to=<h-0063b032db@h-05c3ae107.com>, relay=h-b12585b0.h-f9671944adb7[165.229.252.180]:25, delay=1.2, delays=0.02/0/0.45/0.75, dsn=2.0.0, status=sent (250 ok dirdel)
Sep  4 01:25:07 smtpnode06 postfix-170.55.103.23/qmgr[2710]: 7D49E3D478: removed
Sep  4 01:25:07 smtpnode06 postfix-170.55.103.23/smtpd[5965]: connect from h-d04c17c68166c9deda13c8e79ad[112.83.23.93]
Sep  4 01:25:08 smtpnode06 postfix-170.55.103.23/smtpd[5965]: 52B413D477: client=h-d04c17c68166c9deda13c8e79ad[112.83.23.93]
Sep  4 01:25:08 smtpnode06 postfix-170.55.103.23/cleanup[6979]: 52B413D477: message-id=<h-93ef2b6fe326db24af61b12a7dc737b4@h-5e67b9b4406.com>
Sep  4 01:25:08 smtpnode06 postfix-170.55.103.23/qmgr[2710]: 52B413D477: from=<h-17a85664b355813b33159f8f9@h-5e67b9b4406.com>, size=10596, nrcpt=1 (queue active)
Sep  4 01:25:08 smtpnode06 h-353d61658b320[6961]: connect from 170.55.103.23
Sep  4 01:25:08 smtpnode06 postfix-170.55.103.23/smtpd[5946]: connect from h-d31ae31e5f8e95fe54a540[170.55.103.23]
Sep  4 01:25:08 smtpnode06 postfix-170.55.103.23/smtp[6980]: discarding EHLO keywords: 8BITMIME STARTTLS
Sep  4 01:25:08 smtpnode06 postfix-170.55.103.23/smtpd[5946]: 6C7413D478: client=h-d31ae31e5f8e95fe54a540[170.55.103.23]
Sep  4 01:25:08 smtpnode06 h-353d61658b320[6961]: DKIM signing - signed; message-id=<h-93ef2b6fe326db24af61b12a7dc737b4@h-5e67b9b4406.com>, signer=<@h-5e67b9b4406>, from=<h-3d273231fd0@h-526472e87.com>
Sep  4 01:25:08 smtpnode06 postfix-170.55.103.23/cleanup[6979]: 6C7413D478: message-id=<h-93ef2b6fe326db24af61b12a7dc737b4@h-5e67b9b4406.com>
Sep  4 01:25:08 smtpnode06 postfix-170.55.103.23/qmgr[2710]: 6C7413D478: from=<h-17a85664b355813b33159f8f9@h-5e67b9b4406.com>, size=11213, nrcpt=1 (queue active)
Sep  4 01:25:08 smtpnode06 postfix-170.55.103.23/smtp[6980]: 52B413D477: to=<h-fb767ca2365@h-06d0742739c.com>, relay=170.55.103.23[170.55.103.23]:2501, delay=0.17, delays=0.14/0/0.01/0.02, dsn=2.0.0, status=sent (250 2.0.0 Ok: queued as 6C7413D478)
Sep  4 01:25:08 smtpnode06 postfix-170.55.103.23/smtpd[5946]: disconnect from h-d31ae31e5f8e95fe54a540[170.55.103.23] ehlo=1 mail=1 rcpt=1 data=1 quit=1 commands=5
Sep  4 01:25:08 smtpnode06 postfix-170.55.103.23/qmgr[2710]: 52B413D477: removed
Sep  4 01:25:08 smtpnode06 postfix-170.55.103.23/smtpd[5965]: disconnect from h-d04c17c68166c9deda13c8e79ad[112.83.23.93] ehlo=1 mail=1 rcpt=1 data=1 quit=1 commands=5
Sep  4 01:25:08 smtpnode06 postfix-170.55.103.23/smtp[6940]: Trusted TLS connection established to h-7f2fc3f0.h-f9671944adb7[239.80.239.187]:25: TLSv1.2 with cipher ECDHE-RSA-AES128-GCM-SHA256 (128/128 bits)
Sep  4 01:25:08 smtpnode06 postfix-170.55.103.23/smtpd[5963]: connect from h-d04c17c68166c9deda13c8e79ad[112.83.23.93]
Sep  4 01:25:08 smtpnode06 postfix-170.55.103.23/smtpd[5963]: CE7FF3D477: client=h-d04c17c68166c9deda13c8e79ad[112.83.23.93]
Sep  4 01:25:08 smtpnode06 postfix-170.55.103.23/cleanup[6979]: CE7FF3D477: message-id=<h-750ef1e2192dece54ee784ecb83188bf@h-5e67b9b4406.com>
Sep  4 01:25:08 smtpnode06 postfix-170.55.103.23/qmgr[2710]: CE7FF3D477: from=<h-e65bbe8f9ea3a961d1ac28b1c0971@h-5e67b9b4406.com>, size=10673, nrcpt=1 (queue active)
Sep  4 01:25:08 smtpnode06 postfix-170.55.103.23/smtpd[5963]: disconnect from h-d04c17c68166c9deda13c8e79ad[112.83.23.93] ehlo=1 mail=1 rcpt=1 data=1 quit=1 commands=5
Sep  4 01:25:09 smtpnode06 postfix-170.55.103.23/smtp[6932]: Trusted TLS connection established to h-5e5339b7e5d540.h-f9671944adb7[207.50.180.180]:25: TLSv1.2 with cipher ECDHE-RSA-AES128-GCM-SHA256 (128/128 bits)
Sep  4 01:25:09 smtpnode06 postfix-170.55.103.23/smtpd[5965]: connect from h-d04c17c68166c9deda13c8e79ad[112.83.23.93]
Sep  4 01:25:09 smtpnode06 postfix-170.55.103.23/smtpd[5965]: 8A2373D47C: client=h-d04c17c68166c9deda13c8e79ad[112.83.23.93]
Sep  4 01:25:09 smtpnode06 postfix-170.55.103.23/cleanup[6979]: 8A2373D47C: message-id=<h-25f2e1153def53dfa6ed889d4f119e98@h-5e67b9b4406.com>
Sep  4 01:25:09 smtpnode06 postfix-170.55.103.23/qmgr[2710]: 8A2373D47C: from=<h-e65bbe8f9ea3a961d1ac28b1c0971@h-5e67b9b4406.com>, size=10669, nrcpt=1 (queue active)
Sep  4 01:25:09 smtpnode06 h-353d61658b320[31169]: connect from 170.55.103.23
Sep  4 01:25:09 smtpnode06 postfix-170.55.103.23/smtpd[5993]: connect from h-d31ae31e5f8e95fe54a540[170.55.103.23]
Sep  4 01:25:09 smtpnode06 postfix-170.55.103.23/smtp[6980]: discarding EHLO keywords: 8BITMIME STARTTLS
Sep  4 01:25:09 smtpnode06 postfix-170.55.103.23/smtpd[5993]: A11373D47D: client=h-d31ae31e5f8e95fe54a540[170.55.103.23]
Sep  4 01:25:09 smtpnode06 h-353d61658b320[31169]: DKIM signing - signed; message-id=<h-750ef1e2192dece54ee784ecb83188bf@h-5e67b9b4406.com>, signer=<@h-5e67b9b4406>, from=<h-bd216b43178b5@h-526472e87.com>
Sep  4 01:25:09 smtpnode06 postfix-170.55.103.23/cleanup[6979]: A11373D47D: message-id=<h-750ef1e2192dece54ee784ecb83188bf@h-5e67b9b4406.com>
Sep  4 01:25:09 smtpnode06 postfix-170.55.103.23/qmgr[2710]: A11373D47D: from=<h-e65bbe8f9ea3a961d1ac28b1c0971@h-5e67b9b4406.com>, size=11290, nrcpt=1 (queue active)
Sep  4 01:25:09 smtpnode06 postfix-170.55.103.23/smtp[6980]: CE7FF3D477: to=<h-87012b12b36ab@h-d1684fe68.com>, relay=170.55.103.23[170.55.103.23]:2501, delay=0.88, delays=0.12/0.72/0.01/0.03, dsn=2.0.0, status=sent (250 2.0.0 Ok: queued as A11373D47D)
Sep  4 01:25:09 smtpnode06 postfix-170.55.103.23/qmgr[2710]: CE7FF3D477: removed
Sep  4 01:25:09 smtpnode06 postfix-170.55.103.23/smtpd[5965]: disconnect from h-d04c17c68166c9deda13c8e79ad[112.83.23.93] ehlo=1 mail=1 rcpt=1 data=1 quit=1 commands=5
Sep  4 01:25:09 smtpnode06 postfix-170.55.103.23/smtp[6940]: 3B8D53D47B: to=<h-7b5bef15509516532@h-05c3ae107.com>, relay=h-7f2fc3f0.h-f9671944adb7[239.80.239.187]:25, delay=2.5, delays=0.04/1.2/0.32/1, dsn=2.0.0, status=sent (250 ok dirdel)
Sep  4 01:25:09 smtpnode06 postfix-170.55.103.23/qmgr[2710]: 3B8D53D47B: removed
Sep  4 01:25:09 smtpnode06 postfix-170.55.103.23/smtp[5973]: Trusted TLS connection established to h-2b8e6720.h-f9671944adb7[165.229.55.232]:25: TLSv1.2 with cipher ECDHE-RSA-AES128-GCM-SHA256 (128/128 bits)
Sep  4 01:25:10 smtpnode06 postfix-170.55.103.23/smtp[6932]: 6C7413D478: to=<h-fb767ca2365@h-06d0742739c.com>, relay=h-5e5339b7e5d540.h-f9671944adb7[207.50.180.180]:25, delay=1.8, delays=0.02/0/1.1/0.68, dsn=2.0.0, status=sent (250 ok dirdel)
Sep  4 01:25:10 smtpnode06 postfix-170.55.103.23/qmgr[2710]: 6C7413D478: removed
Sep  4 01:25:10 smtpnode06 postfix-170.55.103.23/smtpd[5993]: 31DF53D477: client=h-d31ae31e5f8e95fe54a540[170.55.103.23]
Sep  4 01:25:10 smtpnode06 h-353d61658b320[31169]: DKIM signing - signed; message-id=<h-25f2e1153def53dfa6ed889d4f119e98@h-5e67b9b4406.com>, signer=<@h-5e67b9b4406>, from=<h-bd216b43178b5@h-526472e87.com>
Sep  4 01:25:10 smtpnode06 postfix-170.55.103.23/cleanup[6979]: 31DF53D477: message-id=<h-25f2e1153def53dfa6ed889d4f119e98@h-5e67b9b4406.com>
Sep  4 01:25:10 smtpnode06 postfix-170.55.103.23/qmgr[2710]: 31DF53D477: from=<h-e65bbe8f9ea3a961d1ac28b1c0971@h-5e67b9b4406.com>, size=11284, nrcpt=1 (queue active)
Sep  4 01:25:10 smtpnode06 postfix-170.55.103.23/smtp[6980]: 8A2373D47C: to=<h-8bbf27f9689@h-05c3ae107.com>, relay=170.55.103.23[170.55.103.23]:2501, conn_use=2, delay=0.74, delays=0.13/0.55/0/0.06, dsn=2.0.0, status=sent (250 2.0.0 Ok: queued as 31DF53D477)
Sep  4 01:25:10 smtpnode06 postfix-170.55.103.23/qmgr[2710]: 8A2373D47C: removed
Sep  4 01:25:10 smtpnode06 postfix-170.55.103.23/smtpd[5963]: connect from h-d04c17c68166c9deda13c8e79ad[112.83.23.93]
Sep  4 01:25:10 smtpnode06 postfix-170.55.103.23/smtp[5974]: Trusted TLS connection established to h-7f2fc3f0.h-f9671944adb7[165.229.55.13]:25: TLSv1.2 with cipher ECDHE-RSA-AES128-GCM-SHA256 (128/128 bits)
Sep  4 01:25:10 smtpnode06 postfix-170.55.103.23/smtpd[5963]: 7141A3D478: client=h-d04c17c68166c9deda13c8e79ad[112.83.23.93]
Sep  4 01:25:10 smtpnode06 postfix-170.55.103.23/cleanup[6979]: 7141A3D478: message-id=<h-a5d7a1fce16235a8f84cfc0cf19efadf@h-5e67b9b4406.com>
Sep  4 01:25:10 smtpnode06 postfix-170.55.103.23/qmgr[2710]: 7141A3D478: from=<h-e65bbe8f9ea3a961d1ac28b1c0971@h-5e67b9b4406.com>, size=10675, nrcpt=1 (queue active)
Sep  4 01:25:10 smtpnode06 postfix-170.55.103.23/smtp[5973]: A11373D47D: to=<h-87012b12b36ab@h-d1684fe68.com>, relay=h-2b8e6720.h-f9671944adb7[165.229.55.232]:25, delay=0.89, delays=0.02/0/0.2/0.67, dsn=2.0.0, status=sent (250 ok dirdel)
Sep  4 01:25:10 smtpnode06 postfix-170.55.103.23/qmgr[2710]: A11373D47D: removed
Sep  4 01:25:10 smtpnode06 postfix-170.55.103.23/smtpd[5963]: disconnect from h-d04c17c68166c9deda13c8e79ad[112.83.23.93] ehlo=1 mail=1 rcpt=1 data=1 quit=1 commands=5
Sep  4 01:25:10 smtpnode06 postfix-170.55.103.23/smtpd[5965]: connect from h-d04c17c68166c9deda13c8e79ad[112.83.23.93]
Sep  4 01:25:11 smtpnode06 postfix-170.55.103.23/smtpd[5965]: 1AB703D47B: client=h-d04c17c68166c9deda13c8e79ad[112.83.23.93]
Sep  4 01:25:11 smtpnode06 postfix-170.55.103.23/cleanup[6979]: 1AB703D47B: message-id=<h-990d1940a80fb8471feab3f047e12cc4@h-5e67b9b4406.com>
Sep  4 01:25:11 smtpnode06 postfix-170.55.103.23/qmgr[2710]: 1AB703D47B: from=<h-17a85664b355813b33159f8f9@h-5e67b9b4406.com>, size=10596, nrcpt=1 (queue active)
Sep  4 01:25:11 smtpnode06 postfix-170.55.103.23/smtpd[5993]: 3096A3D47C: client=h-d31ae31e5f8e95fe54a540[170.55.103.23]
Sep  4 01:25:11 smtpnode06 h-353d61658b320[31169]: DKIM signing - signed; message-id=<h-a5d7a1fce16235a8f84cfc0cf19efadf@h-5e67b9b4406.com>, signer=<@h-5e67b9b4406>, from=<h-bd216b43178b5@h-526472e87.com>
Sep  4 01:25:11 smtpnode06 postfix-170.55.103.23/cleanup[6979]: 3096A3D47C: message-id=<h-a5d7a1fce16235a8f84cfc0cf19efadf@h-5e67b9b4406.com>
Sep  4 01:25:11 smtpnode06 postfix-170.55.103.23/qmgr[2710]: 3096A3D47C: from=<h-e65bbe8f9ea3a961d1ac28b1c0971@h-5e67b9b4406.com>, size=11293, nrcpt=1 (queue active)
Sep  4 01:25:11 smtpnode06 postfix-170.55.103.23/smtp[6980]: 7141A3D478: to=<h-9078b6fc67af28@h-05c3ae107.com>, relay=170.55.103.23[170.55.103.23]:2501, conn_use=3, delay=0.8, delays=0.12/0.65/0/0.02, dsn=2.0.0, status=sent (250 2.0.0 Ok: queued as 3096A3D47C)
Sep  4 01:25:11 smtpnode06 postfix-170.55.103.23/qmgr[2710]: 7141A3D478: removed
Sep  4 01:25:11 smtpnode06 postfix-170.55.103.23/smtpd[5965]: disconnect from h-d04c17c68166c9deda13c8e79ad[112.83.23.93] ehlo=1 mail=1 rcpt=1 data=1 quit=1 commands=5
Sep  4 01:25:11 smtpnode06 postfix-170.55.103.23/smtp[5974]: 31DF53D477: to=<h-8bbf27f9689@h-05c3ae107.com>, relay=h-7f2fc3f0.h-f9671944adb7[165.229.55.13]:25, delay=1.1, delays=0.06/0/0.2/0.84, dsn=2.0.0, status=sent (250 ok dirdel)
Sep  4 01:25:11 smtpnode06 postfix-170.55.103.23/qmgr[2710]: 31DF53D477: removed
Sep  4 01:25:12 smtpnode06 postfix-170.55.103.23/smtpd[5963]: connect from h-d04c17c68166c9deda13c8e79ad[112.83.23.93]
Sep  4 01:25:12 smtpnode06 postfix-170.55.103.23/smtpd[5993]: 584C63D477: client=h-d31ae31e5f8e95fe54a540[170.55.103.23]
Sep  4 01:25:12 smtpnode06 h-353d61658b320[31169]: DKIM signing - signed; message-id=<h-990d1940a80fb8471feab3f047e12cc4@h-5e67b9b4406.com>, signer=<@h-5e67b9b4406>, from=<h-3d273231fd0@h-526472e87.com>
Sep  4 01:25:12 smtpnode06 postfix-170.55.103.23/cleanup[6979]: 584C63D477: message-id=<h-990d1940a80fb8471feab3f047e12cc4@h-5e67b9b4406.com>
Sep  4 01:25:12 smtpnode06 postfix-170.55.103.23/qmgr[2710]: 584C63D477: from=<h-17a85664b355813b33159f8f9@h-5e67b9b4406.com>, size=11213, nrcpt=1 (queue active)
Sep  4 01:25:12 smtpnode06 postfix-170.55.103.23/smtp[6980]: 1AB703D47B: to=<h-752046092aef3@h-05c3ae107.com>, relay=170.55.103.23[170.55.103.23]:2501, conn_use=4, delay=1.4, delays=0.13/1.2/0/0.06, dsn=2.0.0, status=sent (250 2.0.0 Ok: queued as 584C63D477)
Sep  4 01:25:12 smtpnode06 postfix-170.55.103.23/qmgr[2710]: 1AB703D47B: removed
Sep  4 01:25:12 smtpnode06 postfix-170.55.103.23/smtpd[5963]: BABABABABA: client=h-d04c17c68166c9deda13c8e79ad[112.83.23.93]
Sep  4 01:25:12 smtpnode06 postfix-170.55.103.23/cleanup[6979]: BABABABABA: message-id=<h-ae29580097c1f26a25dab61b5e690cfd@h-5e67b9b4406.com>
Sep  4 01:25:12 smtpnode06 postfix-170.55.103.23/smtp[6941]: Trusted TLS connection established to h-7f2fc3f0.h-f9671944adb7[239.80.239.187]:25: TLSv1.2 with cipher ECDHE-RSA-AES128-GCM-SHA256 (128/128 bits)
Sep  4 01:25:12 smtpnode06 postfix-170.55.103.23/qmgr[2710]: BABABABABA: from=<h-e65bbe8f9ea3a961d1ac28b1c0971@h-5e67b9b4406.com>, size=10673, nrcpt=1 (queue active)
Sep  4 01:25:12 smtpnode06 postfix-170.55.103.23/smtpd[5963]: disconnect from h-d04c17c68166c9deda13c8e79ad[112.83.23.93] ehlo=1 mail=1 rcpt=1 data=1 quit=1 commands=5
Sep  4 01:25:12 smtpnode06 postfix-170.55.103.23/smtpd[5965]: connect from h-d04c17c68166c9deda13c8e79ad[112.83.23.93]
Sep  4 01:25:12 smtpnode06 postfix-170.55.103.23/smtpd[5965]: D57183D47B: client=h-d04c17c68166c9deda13c8e79ad[112.83.23.93]
Sep  4 01:25:12 smtpnode06 postfix-170.55.103.23/cleanup[6979]: D57183D47B: message-id=<h-f11e1d53da92163a5d7315b557e56b4c@h-5e67b9b4406.com>
Sep  4 01:25:12 smtpnode06 postfix-170.55.103.23/qmgr[2710]: D57183D47B: from=<h-e65bbe8f9ea3a961d1ac28b1c0971@h-5e67b9b4406.com>, size=10671, nrcpt=1 (queue active)
Sep  4 01:25:13 smtpnode06 postfix-170.55.103.23/smtpd[5965]: disconnect from h-d04c17c68166c9deda13c8e79ad[112.83.23.93] ehlo=1 mail=1 rcpt=1 data=1 quit=1 commands=5
Sep  4 01:25:13 smtpnode06 postfix-170.55.103.23/smtp[6941]: 3096A3D47C: to=<h-9078b6fc67af28@h-05c3ae107.com>, relay=h-7f2fc3f0.h-f9671944adb7[239.80.239.187]:25, delay=2.2, delays=0.02/1.1/0.28/0.71, dsn=2.0.0, status=sent (250 ok dirdel)
Sep  4 01:25:13 smtpnode06 postfix-170.55.103.23/qmgr[2710]: 3096A3D47C: removed
Sep  4 01:25:13 smtpnode06 postfix-170.55.103.23/smtpd[5993]: CACACACACACA: client=h-d31ae31e5f8e95fe54a540[170.55.103.23]
Sep  4 01:25:13 smtpnode06 h-353d61658b320[31169]: DKIM signing - signed; message-id=<h-ae29580097c1f26a25dab61b5e690cfd@h-5e67b9b4406.com>, signer=<@h-5e67b9b4406>, from=<h-bd216b43178b5@h-526472e87.com>
Sep  4 01:25:13 smtpnode06 postfix-170.55.103.23/cleanup[6979]: CACACACACACA: message-id=<h-ae29580097c1f26a25dab61b5e690cfd@h-5e67b9b4406.com>
Sep  4 01:25:13 smtpnode06 postfix-170.55.103.23/qmgr[2710]: CACACACACACA: from=<h-e65bbe8f9ea3a961d1ac28b1c0971@h-5e67b9b4406.com>, size=11290, nrcpt=1 (queue active)
Sep  4 01:25:13 smtpnode06 postfix-170.55.103.23/smtp[6980]: BABABABABA: to=<h-629de2eeab377@h-05c3ae107.com>, relay=170.55.103.23[170.55.103.23]:2501, conn_use=5, delay=0.95, delays=0.17/0.75/0/0.03, dsn=2.0.0, status=sent (250 2.0.0 Ok: queued as CACACACACACA)
Sep  4 01:25:13 smtpnode06 postfix-170.55.103.23/qmgr[2710]: BABABABABA: removed
Sep  4 01:25:13 smtpnode06 postfix-170.55.103.23/smtpd[5963]: connect from h-d04c17c68166c9deda13c8e79ad[112.83.23.93]
Sep  4 01:25:13 smtpnode06 postfix-170.55.103.23/smtpd[5963]: B735B3D478: client=h-d04c17c68166c9deda13c8e79ad[112.83.23.93]
Sep  4 01:25:13 smtpnode06 postfix-170.55.103.23/cleanup[6979]: B735B3D478: message-id=<h-9a18c3e6c5bbbb8761283e022cfa38c2@h-5e67b9b4406.com>
Sep  4 01:25:13 smtpnode06 postfix-170.55.103.23/qmgr[2710]: B735B3D478: from=<h-e65bbe8f9ea3a961d1ac28b1c0971@h-5e67b9b4406.com>, size=10665, nrcpt=1 (queue active)
Sep  4 01:25:13 smtpnode06 postfix-170.55.103.23/smtpd[5963]: disconnect from h-d04c17c68166c9deda13c8e79ad[112.83.23.93] ehlo=1 mail=1 rcpt=1 data=1 quit=1 commands=5
Sep  4 01:25:14 smtpnode06 postfix-170.55.103.23/smtpd[5965]: connect from h-d04c17c68166c9deda13c8e79ad[112.83.23.93]
Sep  4 01:25:14 smtpnode06 postfix-170.55.103.23/smtpd[5965]: 5C7C53D47D: client=h-d04c17c68166c9deda13c8e79ad[112.83.23.93]
Sep  4 01:25:14 smtpnode06 postfix-170.55.103.23/cleanup[6979]: 5C7C53D47D: message-id=<h-8a0d6a8ecfcdf23ad5ddce468becfdb8@h-5e67b9b4406.com>
Sep  4 01:25:14 smtpnode06 postfix-170.55.103.23/qmgr[2710]: 5C7C53D47D: from=<h-17a85664b355813b33159f8f9@h-5e67b9b4406.com>, size=10569, nrcpt=1 (queue active)
Sep  4 01:25:14 smtpnode06 postfix-170.55.103.23/smtpd[5993]: 715E83D47E: client=h-d31ae31e5f8e95fe54a540[170.55.103.23]
Sep  4 01:25:14 smtpnode06 h-353d61658b320[31169]: DKIM signing - signed; message-id=<h-f11e1d53da92163a5d7315b557e56b4c@h-5e67b9b4406.com>, signer=<@h-5e67b9b4406>, from=<h-bd216b43178b5@h-526472e87.com>
Sep  4 01:25:14 smtpnode06 postfix-170.55.103.23/smtpd[5965]: disconnect from h-d04c17c68166c9deda13c8e79ad[112.83.23.93] ehlo=1 mail=1 rcpt=1 data=1 quit=1 commands=5
Sep  4 01:25:14 smtpnode06 postfix-170.55.103.23/cleanup[6979]: 715E83D47E: message-id=<h-f11e1d53da92163a5d7315b557e56b4c@h-5e67b9b4406.com>
Sep  4 01:25:14 smtpnode06 postfix-170.55.103.23/qmgr[2710]: 715E83D47E: from=<h-e65bbe8f9ea3a961d1ac28b1c0971@h-5e67b9b4406.com>, size=11287, nrcpt=1 (queue active)
Sep  4 01:25:14 smtpnode06 postfix-170.55.103.23/smtp[6980]: D57183D47B: to=<h-63fb499170c9@h-05c3ae107.com>, relay=170.55.103.23[170.55.103.23]:2501, conn_use=6, delay=1.7, delays=0.14/1.5/0/0.06, dsn=2.0.0, status=sent (250 2.0.0 Ok: queued as 715E83D47E)
Sep  4 01:25:14 smtpnode06 postfix-170.55.103.23/qmgr[2710]: D57183D47B: removed
Sep  4 01:25:14 smtpnode06 postfix-170.55.103.23/smtp[6934]: Trusted TLS connection established to h-2b8e6720.h-f9671944adb7[165.229.55.13]:25: TLSv1.2 with cipher ECDHE-RSA-AES128-GCM-SHA256 (128/128 bits)
Sep  4 01:25:15 smtpnode06 postfix-170.55.103.23/smtp[6934]: 584C63D477: to=<h-752046092aef3@h-05c3ae107.com>, relay=h-2b8e6720.h-f9671944adb7[165.229.55.13]:25, delay=2.7, delays=0.06/2/0.21/0.42, dsn=2.0.0, status=sent (250 ok dirdel)
Sep  4 01:25:15 smtpnode06 postfix-170.55.103.23/qmgr[2710]: 584C63D477: removed
Sep  4 01:25:15 smtpnode06 postfix-170.55.103.23/smtpd[5993]: 188873D477: client=h-d31ae31e5f8e95fe54a540[170.55.103.23]
Sep  4 01:25:15 smtpnode06 h-353d61658b320[31169]: DKIM signing - signed; message-id=<h-9a18c3e6c5bbbb8761283e022cfa38c2@h-5e67b9b4406.com>, signer=<@h-5e67b9b4406>, from=<h-bd216b43178b5@h-526472e87.com>
Sep  4 01:25:15 smtpnode06 postfix-170.55.103.23/cleanup[6979]: 188873D477: message-id=<h-9a18c3e6c5bbbb8761283e022cfa38c2@h-5e67b9b4406.com>
Sep  4 01:25:15 smtpnode06 postfix-170.55.103.23/qmgr[2710]: 188873D477: from=<h-e65bbe8f9ea3a961d1ac28b1c0971@h-5e67b9b4406.com>, size=11278, nrcpt=1 (queue active)
Sep  4 01:25:15 smtpnode06 postfix-170.55.103.23/smtp[6980]: B735B3D478: to=<h-d51c3a581@h-05c3ae107.com>, relay=170.55.103.23[170.55.103.23]:2501, conn_use=7, delay=1.9, delays=0.12/1.3/0/0.49, dsn=2.0.0, status=sent (250 2.0.0 Ok: queued as 188873D477)
Sep  4 01:25:15 smtpnode06 postfix-170.55.103.23/qmgr[2710]: B735B3D478: removed
Sep  4 01:25:15 smtpnode06 postfix-170.55.103.23/smtpd[5963]: connect from h-d04c17c68166c9deda13c8e79ad[112.83.23.93]
Sep  4 01:25:15 smtpnode06 postfix-170.55.103.23/smtpd[5963]: B7AC13D478: client=h-d04c17c68166c9deda13c8e79ad[112.83.23.93]
Sep  4 01:25:15 smtpnode06 postfix-170.55.103.23/cleanup[6979]: B7AC13D478: message-id=<h-46c005bf51154c2573c11a62cba7fe7f@h-5e67b9b4406.com>
Sep  4 01:25:15 smtpnode06 postfix-170.55.103.23/qmgr[2710]: B7AC13D478: from=<h-e65bbe8f9ea3a961d1ac28b1c0971@h-5e67b9b4406.com>, size=10663, nrcpt=1 (queue active)
Sep  4 01:25:15 smtpnode06 postfix-170.55.103.23/smtpd[5963]: disconnect from h-d04c17c68166c9deda13c8e79ad[112.83.23.93] ehlo=1 mail=1 rcpt=1 data=1 quit=1 commands=5
Sep  4 01:25:15 smtpnode06 postfix-170.55.103.23/smtpd[5965]: connect from h-d04c17c68166c9deda13c8e79ad[112.83.23.93]
Sep  4 01:25:16 smtpnode06 postfix-170.55.103.23/smtpd[5965]: 18AED3D47B: client=h-d04c17c68166c9deda13c8e79ad[112.83.23.93]
Sep  4 01:25:16 smtpnode06 postfix-170.55.103.23/cleanup[6979]: 18AED3D47B: message-id=<h-03d00fc0f12c4a487ff9d3b59858de61@h-5e67b9b4406.com>
Sep  4 01:25:16 smtpnode06 postfix-170.55.103.23/qmgr[2710]: 18AED3D47B: from=<h-e65bbe8f9ea3a961d1ac28b1c0971@h-5e67b9b4406.com>, size=10669, nrcpt=1 (queue active)
Sep  4 01:25:16 smtpnode06 postfix-170.55.103.23/smtpd[5993]: 2DE133D47F: client=h-d31ae31e5f8e95fe54a540[170.55.103.23]
Sep  4 01:25:16 smtpnode06 h-353d61658b320[31169]: DKIM signing - signed; message-id=<h-8a0d6a8ecfcdf23ad5ddce468becfdb8@h-5e67b9b4406.com>, signer=<@h-5e67b9b4406>, from=<h-3d273231fd0@h-526472e87.com>
Sep  4 01:25:16 smtpnode06 postfix-170.55.103.23/smtpd[5965]: disconnect from h-d04c17c68166c9deda13c8e79ad[112.83.23.93] ehlo=1 mail=1 rcpt=1 data=1 quit=1 commands=5
Sep  4 01:25:16 smtpnode06 postfix-170.55.103.23/cleanup[6979]: 2DE133D47F: message-id=<h-8a0d6a8ecfcdf23ad5ddce468becfdb8@h-5e67b9b4406.com>
Sep  4 01:25:16 smtpnode06 postfix-170.55.103.23/qmgr[2710]: 2DE133D47F: from=<h-17a85664b355813b33159f8f9@h-5e67b9b4406.com>, size=11180, nrcpt=1 (queue active)
Sep  4 01:25:16 smtpnode06 postfix-170.55.103.23/smtp[6980]: 5C7C53D47D: to=<h-c2a9c94@h-05c3ae107.com>, relay=170.55.103.23[170.55.103.23]:2501, conn_use=8, delay=1.9, delays=0.12/1.7/0/0.06, dsn=2.0.0, status=sent (250 2.0.0 Ok: queued as 2DE133D47F)
Sep  4 01:25:16 smtpnode06 postfix-170.55.103.23/qmgr[2710]: 5C7C53D47D: removed
Sep  4 01:25:16 smtpnode06 postfix-170.55.103.23/smtp[6939]: Trusted TLS connection established to h-2b8e6720.h-f9671944adb7[165.229.55.20]:25: TLSv1.2 with cipher ECDHE-RSA-AES128-GCM-SHA256 (128/128 bits)
Sep  4 01:25:16 smtpnode06 postfix-170.55.103.23/smtpd[5963]: connect from h-d04c17c68166c9deda13c8e79ad[112.83.23.93]
Sep  4 01:25:16 smtpnode06 postfix-170.55.103.23/smtp[6939]: CACACACACACA: to=<h-629de2eeab377@h-05c3ae107.com>, relay=h-2b8e6720.h-f9671944adb7[165.229.55.20]:25, delay=3.6, delays=0.02/2.8/0.19/0.58, dsn=2.0.0, status=sent (250 ok dirdel)
Sep  3 01:25:16 smtpnode06 postfix-170.55.103.23/qmgr[2710]: CACACACACACA: removed
