Sep  4 01:24:11 smtpnode06 postfix-170.55.103.23/smtpd[5965]: connect from h-d04c17c68166c9deda13c8e79ad[112.83.23.93]
Sep  4 01:24:11 smtpnode06 postfix-170.55.103.23/smtpd[5965]: DADADADADA: client=h-d04c17c68166c9deda13c8e79ad[112.83.23.93]
Sep  4 01:24:11 smtpnode06 postfix-170.55.103.23/cleanup[6979]: DADADADADA: message-id=<h-b36847e73153e9ac645ba7cb2050cae3@h-5e67b9b4406.com>
Sep  4 01:24:11 smtpnode06 postfix-170.55.103.23/qmgr[2710]: DADADADADA: from=<h-031a55e5a6a901a7be94@h-5e67b9b4406.com>, size=10593, nrcpt=1 (queue active)
Sep  4 01:24:11 smtpnode06 h-353d61658b320[3831]: connect from 170.55.103.23
Sep  4 01:24:11 smtpnode06 postfix-170.55.103.23/smtpd[5946]: connect from h-d31ae31e5f8e95fe54a540[170.55.103.23]
Sep  4 01:24:11 smtpnode06 postfix-170.55.103.23/smtp[6980]: discarding EHLO keywords: 8BITMIME STARTTLS
Sep  4 01:24:11 smtpnode06 postfix-170.55.103.23/smtpd[5946]: BABABABABA: client=h-d31ae31e5f8e95fe54a540[170.55.103.23]
Sep  4 01:24:11 smtpnode06 h-353d61658b320[3831]: DKIM signing - signed; message-id=<h-b36847e73153e9ac645ba7cb2050cae3@h-5e67b9b4406.com>, signer=<@h-5e67b9b4406>, from=<h-5bdcd3c@h-01edc2ce3966fe46cf1e.com>
Sep  4 01:24:11 smtpnode06 postfix-170.55.103.23/cleanup[6979]: BABABABABA: message-id=<h-b36847e73153e9ac645ba7cb2050cae3@h-5e67b9b4406.com>
Sep  4 01:24:11 smtpnode06 postfix-170.55.103.23/qmgr[2710]: BABABABABA: from=<h-031a55e5a6a901a7be94@h-5e67b9b4406.com>, size=11214, nrcpt=1 (queue active)
Sep  4 01:24:11 smtpnode06 postfix-170.55.103.23/smtp[6980]: DADADADADA: to=<h-4037cdee42da82c8d@h-526472e87.com>, relay=170.55.103.23[170.55.103.23]:2501, delay=0.15, delays=0.13/0/0/0.02, dsn=2.0.0, status=sent (250 2.0.0 Ok: queued as BABABABABA)
Sep  4 01:24:11 smtpnode06 postfix-170.55.103.23/qmgr[2710]: DADADADADA: removed
Sep  4 01:24:11 smtpnode06 postfix-170.55.103.23/smtpd[5946]: disconnect from h-d31ae31e5f8e95fe54a540[170.55.103.23] ehlo=1 mail=1 rcpt=1 data=1 quit=1 commands=5
Sep  4 01:24:11 smtpnode06 postfix-170.55.103.23/smtpd[5965]: disconnect from h-d04c17c68166c9deda13c8e79ad[112.83.23.93] ehlo=1 mail=1 rcpt=1 data=1 quit=1 commands=5
Sep  4 01:24:11 smtpnode06 postfix-170.55.103.23/smtp[6932]: Trusted TLS connection established to gmail-smtp-in.h-1e99c9eeac07[180.50.229.68]:25: TLSv1.2 with cipher ECDHE-RSA-CHACHA20-POLY1305 (256/256 bits)
Sep  4 01:24:11 smtpnode06 postfix-170.55.103.23/smtp[6932]: BABABABABA: to=<h-4037cdee42da82c8d@h-526472e87.com>, relay=gmail-smtp-in.h-1e99c9eeac07[180.50.229.68]:25, delay=0.49, delays=0.02/0/0.15/0.32, dsn=2.0.0, status=sent (250 2.0.0 OK  1567556651 f15si16200992plm.292 - gsmtp)
Sep  4 01:24:11 smtpnode06 postfix-170.55.103.23/qmgr[2710]: BABABABABA: removed
Sep  4 01:24:12 smtpnode06 postfix-170.55.103.23/smtpd[5963]: connect from h-d04c17c68166c9deda13c8e79ad[112.83.23.93]
Sep  4 01:24:13 smtpnode06 postfix-170.55.103.23/smtpd[5963]: 507223D477: client=h-d04c17c68166c9deda13c8e79ad[112.83.23.93]
Sep  4 01:24:13 smtpnode06 postfix-170.55.103.23/cleanup[6979]: 507223D477: message-id=<h-f7c012b9af09ad9695f1af162c23c7c4@h-5e67b9b4406.com>
Sep  4 01:24:13 smtpnode06 postfix-170.55.103.23/qmgr[2710]: 507223D477: from=<h-031a55e5a6a901a7be94@h-5e67b9b4406.com>, size=10561, nrcpt=1 (queue active)
Sep  4 01:24:13 smtpnode06 h-353d61658b320[2781]: connect from 170.55.103.23
Sep  4 01:24:13 smtpnode06 postfix-170.55.103.23/smtpd[5993]: connect from h-d31ae31e5f8e95fe54a540[170.55.103.23]
Sep  4 01:24:13 smtpnode06 postfix-170.55.103.23/smtp[6980]: discarding EHLO keywords: 8BITMIME STARTTLS
Sep  4 01:24:13 smtpnode06 postfix-170.55.103.23/smtpd[5993]: 65CF93D478: client=h-d31ae31e5f8e95fe54a540[170.55.103.23]
Sep  4 01:24:13 smtpnode06 h-353d61658b320[2781]: DKIM signing - signed; message-id=<h-f7c012b9af09ad9695f1af162c23c7c4@h-5e67b9b4406.com>, signer=<@h-5e67b9b4406>, from=<h-5bdcd3c@h-01edc2ce3966fe46cf1e.com>
Sep  4 01:24:13 smtpnode06 postfix-170.55.103.23/cleanup[6979]: 65CF93D478: message-id=<h-f7c012b9af09ad9695f1af162c23c7c4@h-5e67b9b4406.com>
Sep  4 01:24:13 smtpnode06 postfix-170.55.103.23/qmgr[2710]: 65CF93D478: from=<h-031a55e5a6a901a7be94@h-5e67b9b4406.com>, size=11174, nrcpt=1 (queue active)
Sep  4 01:24:13 smtpnode06 postfix-170.55.103.23/smtp[6980]: 507223D477: to=<h-6ead6e49a@h-526472e87.com>, relay=170.55.103.23[170.55.103.23]:2501, delay=0.15, delays=0.12/0/0/0.02, dsn=2.0.0, status=sent (250 2.0.0 Ok: queued as 65CF93D478)
Sep  4 01:24:13 smtpnode06 postfix-170.55.103.23/smtpd[5993]: disconnect from h-d31ae31e5f8e95fe54a540[170.55.103.23] ehlo=1 mail=1 rcpt=1 data=1 quit=1 commands=5
Sep  4 01:24:13 smtpnode06 postfix-170.55.103.23/qmgr[2710]: 507223D477: removed
Sep  4 01:24:13 smtpnode06 postfix-170.55.103.23/smtpd[5963]: disconnect from h-d04c17c68166c9deda13c8e79ad[112.83.23.93] ehlo=1 mail=1 rcpt=1 data=1 quit=1 commands=5
Sep  4 01:24:13 smtpnode06 postfix-170.55.103.23/smtp[5973]: Trusted TLS connection established to gmail-smtp-in.h-1e99c9eeac07[180.50.229.68]:25: TLSv1.2 with cipher ECDHE-RSA-CHACHA20-POLY1305 (256/256 bits)
Sep  4 01:24:13 smtpnode06 postfix-170.55.103.23/smtp[5973]: 65CF93D478: to=<h-6ead6e49a@h-526472e87.com>, relay=gmail-smtp-in.h-1e99c9eeac07[180.50.229.68]:25, delay=0.45, delays=0.02/0/0.16/0.27, dsn=2.0.0, status=sent (250 2.0.0 OK  1567556653 a143si19780248pfd.237 - gsmtp)
Sep  4 01:24:13 smtpnode06 postfix-170.55.103.23/qmgr[2710]: 65CF93D478: removed
Sep  4 01:24:14 smtpnode06 postfix-170.55.103.23/smtpd[5965]: connect from h-d04c17c68166c9deda13c8e79ad[112.83.23.93]
Sep  4 01:24:14 smtpnode06 postfix-170.55.103.23/smtpd[5965]: 9DF7B3D477: client=h-d04c17c68166c9deda13c8e79ad[112.83.23.93]
Sep  4 01:24:14 smtpnode06 postfix-170.55.103.23/cleanup[6979]: 9DF7B3D477: message-id=<h-a8f7bb57ce7670ecb79fbd08a989aeae@h-5e67b9b4406.com>
Sep  4 01:24:14 smtpnode06 postfix-170.55.103.23/qmgr[2710]: 9DF7B3D477: from=<h-031a55e5a6a901a7be94@h-5e67b9b4406.com>, size=10573, nrcpt=1 (queue active)
Sep  4 01:24:14 smtpnode06 h-353d61658b320[6961]: connect from 170.55.103.23
Sep  4 01:24:14 smtpnode06 postfix-170.55.103.23/smtpd[5946]: connect from h-d31ae31e5f8e95fe54a540[170.55.103.23]
Sep  4 01:24:14 smtpnode06 postfix-170.55.103.23/smtp[6980]: discarding EHLO keywords: 8BITMIME STARTTLS
Sep  4 01:24:14 smtpnode06 postfix-170.55.103.23/smtpd[5946]: B34293D478: client=h-d31ae31e5f8e95fe54a540[170.55.103.23]
Sep  4 01:24:14 smtpnode06 h-353d61658b320[6961]: DKIM signing - signed; message-id=<h-a8f7bb57ce7670ecb79fbd08a989aeae@h-5e67b9b4406.com>, signer=<@h-5e67b9b4406>, from=<h-5bdcd3c@h-01edc2ce3966fe46cf1e.com>
Sep  4 01:24:14 smtpnode06 postfix-170.55.103.23/cleanup[6979]: B34293D478: message-id=<h-a8f7bb57ce7670ecb79fbd08a989aeae@h-5e67b9b4406.com>
Sep  4 01:24:14 smtpnode06 postfix-170.55.103.23/qmgr[2710]: B34293D478: from=<h-031a55e5a6a901a7be94@h-5e67b9b4406.com>, size=11189, nrcpt=1 (queue active)
Sep  4 01:24:14 smtpnode06 postfix-170.55.103.23/smtp[6980]: 9DF7B3D477: to=<h-e08ea21be35e@h-526472e87.com>, relay=170.55.103.23[170.55.103.23]:2501, delay=0.15, delays=0.12/0/0/0.02, dsn=2.0.0, status=sent (250 2.0.0 Ok: queued as B34293D478)
Sep  4 01:24:14 smtpnode06 postfix-170.55.103.23/qmgr[2710]: 9DF7B3D477: removed
Sep  4 01:24:14 smtpnode06 postfix-170.55.103.23/smtpd[5946]: disconnect from h-d31ae31e5f8e95fe54a540[170.55.103.23] ehlo=1 mail=1 rcpt=1 data=1 quit=1 commands=5
Sep  4 01:24:14 smtpnode06 postfix-170.55.103.23/smtpd[5965]: disconnect from h-d04c17c68166c9deda13c8e79ad[112.83.23.93] ehlo=1 mail=1 rcpt=1 data=1 quit=1 commands=5
Sep  4 01:24:14 smtpnode06 postfix-170.55.103.23/smtp[5974]: Trusted TLS connection established to gmail-smtp-in.h-1e99c9eeac07[180.50.229.68]:25: TLSv1.2 with cipher ECDHE-RSA-CHACHA20-POLY1305 (256/256 bits)
Sep  4 01:24:15 smtpnode06 postfix-170.55.103.23/smtp[5974]: B34293D478: to=<h-e08ea21be35e@h-526472e87.com>, relay=gmail-smtp-in.h-1e99c9eeac07[180.50.229.68]:25, delay=0.45, delays=0.02/0/0.15/0.28, dsn=2.0.0, status=sent (250 2.0.0 OK  1567556655 f186si15380521pgc.438 - gsmtp)
Sep  4 01:24:15 smtpnode06 postfix-170.55.103.23/qmgr[2710]: B34293D478: removed
Sep  4 01:24:16 smtpnode06 postfix-170.55.103.23/smtpd[5963]: connect from h-d04c17c68166c9deda13c8e79ad[112.83.23.93]
Sep  4 01:24:16 smtpnode06 postfix-170.55.103.23/smtpd[5963]: 4DD7C3D477: client=h-d04c17c68166c9deda13c8e79ad[112.83.23.93]
Sep  4 01:24:16 smtpnode06 postfix-170.55.103.23/cleanup[6979]: 4DD7C3D477: message-id=<h-f932279f568abbf0eaf5193b51b911b6@h-5e67b9b4406.com>
Sep  4 01:24:16 smtpnode06 postfix-170.55.103.23/qmgr[2710]: 4DD7C3D477: from=<h-031a55e5a6a901a7be94@h-5e67b9b4406.com>, size=10569, nrcpt=1 (queue active)
Sep  4 01:24:16 smtpnode06 h-353d61658b320[31169]: connect from 170.55.103.23
Sep  4 01:24:16 smtpnode06 postfix-170.55.103.23/smtpd[5993]: connect from h-d31ae31e5f8e95fe54a540[170.55.103.23]
Sep  4 01:24:16 smtpnode06 postfix-170.55.103.23/smtp[6980]: discarding EHLO keywords: 8BITMIME STARTTLS
Sep  4 01:24:16 smtpnode06 postfix-170.55.103.23/smtpd[5993]: 62FD13D478: client=h-d31ae31e5f8e95fe54a540[170.55.103.23]
Sep  4 01:24:16 smtpnode06 h-353d61658b320[31169]: DKIM signing - signed; message-id=<h-f932279f568abbf0eaf5193b51b911b6@h-5e67b9b4406.com>, signer=<@h-5e67b9b4406>, from=<h-5bdcd3c@h-01edc2ce3966fe46cf1e.com>
Sep  4 01:24:16 smtpnode06 postfix-170.55.103.23/cleanup[6979]: 62FD13D478: message-id=<h-f932279f568abbf0eaf5193b51b911b6@h-5e67b9b4406.com>
Sep  4 01:24:16 smtpnode06 postfix-170.55.103.23/qmgr[2710]: 62FD13D478: from=<h-031a55e5a6a901a7be94@h-5e67b9b4406.com>, size=11184, nrcpt=1 (queue active)
Sep  4 01:24:16 smtpnode06 postfix-170.55.103.23/smtp[6980]: 4DD7C3D477: to=<h-364092fa715@h-526472e87.com>, relay=170.55.103.23[170.55.103.23]:2501, delay=0.14, delays=0.12/0/0/0.02, dsn=2.0.0, status=sent (250 2.0.0 Ok: queued as 62FD13D478)
Sep  4 01:24:16 smtpnode06 postfix-170.55.103.23/qmgr[2710]: 4DD7C3D477: removed
Sep  4 01:24:16 smtpnode06 postfix-170.55.103.23/smtpd[5993]: disconnect from h-d31ae31e5f8e95fe54a540[170.55.103.23] ehlo=1 mail=1 rcpt=1 data=1 quit=1 commands=5
Sep  4 01:24:16 smtpnode06 postfix-170.55.103.23/smtpd[5963]: disconnect from h-d04c17c68166c9deda13c8e79ad[112.83.23.93] ehlo=1 mail=1 rcpt=1 data=1 quit=1 commands=5
Sep  4 01:24:16 smtpnode06 postfix-170.55.103.23/smtp[6941]: Trusted TLS connection established to gmail-smtp-in.h-1e99c9eeac07[180.50.229.68]:25: TLSv1.2 with cipher ECDHE-RSA-CHACHA20-POLY1305 (256/256 bits)
Sep  4 01:24:16 smtpnode06 postfix-170.55.103.23/smtp[6941]: 62FD13D478: to=<h-364092fa715@h-526472e87.com>, relay=gmail-smtp-in.h-1e99c9eeac07[180.50.229.68]:25, delay=0.43, delays=0.02/0/0.15/0.27, dsn=2.0.0, status=sent (250 2.0.0 OK  1567556656 e5si15960292pgk.96 - gsmtp)
Sep  4 01:24:16 smtpnode06 postfix-170.55.103.23/qmgr[2710]: 62FD13D478: removed
Sep  4 01:24:17 smtpnode06 postfix-170.55.103.23/smtpd[5965]: connect from h-d04c17c68166c9deda13c8e79ad[112.83.23.93]
Sep  4 01:24:17 smtpnode06 postfix-170.55.103.23/smtpd[5965]: AA4BE3D477: client=h-d04c17c68166c9deda13c8e79ad[112.83.23.93]
Sep  4 01:24:17 smtpnode06 postfix-170.55.103.23/cleanup[6979]: AA4BE3D477: message-id=<h-2d59fa899fd2b9ecb1f5b5895ecf1059@h-5e67b9b4406.com>
Sep  4 01:24:17 smtpnode06 postfix-170.55.103.23/qmgr[2710]: AA4BE3D477: from=<h-031a55e5a6a901a7be94@h-5e67b9b4406.com>, size=10489, nrcpt=1 (queue active)
Sep  4 01:24:17 smtpnode06 h-353d61658b320[6946]: connect from 170.55.103.23
Sep  4 01:24:17 smtpnode06 postfix-170.55.103.23/smtpd[5946]: connect from h-d31ae31e5f8e95fe54a540[170.55.103.23]
Sep  4 01:24:17 smtpnode06 postfix-170.55.103.23/smtp[6980]: discarding EHLO keywords: 8BITMIME STARTTLS
Sep  4 01:24:17 smtpnode06 postfix-170.55.103.23/smtpd[5946]: BF98C3D478: client=h-d31ae31e5f8e95fe54a540[170.55.103.23]
Sep  4 01:24:17 smtpnode06 h-353d61658b320[6946]: DKIM signing - signed; message-id=<h-2d59fa899fd2b9ecb1f5b5895ecf1059@h-5e67b9b4406.com>, signer=<@h-5e67b9b4406>, from=<h-5bdcd3c@h-01edc2ce3966fe46cf1e.com>
Sep  4 01:24:17 smtpnode06 postfix-170.55.103.23/cleanup[6979]: BF98C3D478: message-id=<h-2d59fa899fd2b9ecb1f5b5895ecf1059@h-5e67b9b4406.com>
Sep  4 01:24:17 smtpnode06 postfix-170.55.103.23/qmgr[2710]: BF98C3D478: from=<h-031a55e5a6a901a7be94@h-5e67b9b4406.com>, size=11099, nrcpt=1 (queue active)
Sep  4 01:24:17 smtpnode06 postfix-170.55.103.23/smtp[6980]: AA4BE3D477: to=<h-b3e3df@h-05c3ae107.com>, relay=170.55.103.23[170.55.103.23]:2501, delay=0.14, delays=0.12/0/0/0.02, dsn=2.0.0, status=sent (250 2.0.0 Ok: queued as BF98C3D478)
Sep  4 01:24:17 smtpnode06 postfix-170.55.103.23/qmgr[2710]: AA4BE3D477: removed
Sep  4 01:24:17 smtpnode06 postfix-170.55.103.23/smtpd[5946]: disconnect from h-d31ae31e5f8e95fe54a540[170.55.103.23] ehlo=1 mail=1 rcpt=1 data=1 quit=1 commands=5
Sep  4 01:24:17 smtpnode06 postfix-170.55.103.23/smtpd[5965]: disconnect from h-d04c17c68166c9deda13c8e79ad[112.83.23.93] ehlo=1 mail=1 rcpt=1 data=1 quit=1 commands=5
Sep  4 01:24:17 smtpnode06 postfix-170.55.103.23/smtp[6934]: Trusted TLS connection established to h-b12585b0.h-f9671944adb7[165.229.55.13]:25: TLSv1.2 with cipher ECDHE-RSA-AES128-GCM-SHA256 (128/128 bits)
Sep  4 01:24:18 smtpnode06 postfix-170.55.103.23/smtp[6934]: BF98C3D478: to=<h-b3e3df@h-05c3ae107.com>, relay=h-b12585b0.h-f9671944adb7[165.229.55.13]:25, delay=1.1, delays=0.02/0/0.18/0.9, dsn=2.0.0, status=sent (250 ok dirdel)
Sep  4 01:24:18 smtpnode06 postfix-170.55.103.23/qmgr[2710]: BF98C3D478: removed
Sep  4 01:24:19 smtpnode06 postfix-170.55.103.23/smtpd[5963]: connect from h-d04c17c68166c9deda13c8e79ad[112.83.23.93]
Sep  4 01:24:19 smtpnode06 postfix-170.55.103.23/smtpd[5963]: 6427C3D477: client=h-d04c17c68166c9deda13c8e79ad[112.83.23.93]
Sep  4 01:24:19 smtpnode06 postfix-170.55.103.23/cleanup[6979]: 6427C3D477: message-id=<h-bb18fbf7f9e3de162a378f31d8e8d1ee@h-5e67b9b4406.com>
Sep  4 01:24:19 smtpnode06 postfix-170.55.103.23/qmgr[2710]: 6427C3D477: from=<h-031a55e5a6a901a7be94@h-5e67b9b4406.com>, size=10510, nrcpt=1 (queue active)
Sep  4 01:24:19 smtpnode06 h-353d61658b320[3912]: connect from 170.55.103.23
Sep  4 01:24:19 smtpnode06 postfix-170.55.103.23/smtpd[5993]: connect from h-d31ae31e5f8e95fe54a540[170.55.103.23]
Sep  4 01:24:19 smtpnode06 postfix-170.55.103.23/smtp[6980]: discarding EHLO keywords: 8BITMIME STARTTLS
Sep  4 01:24:19 smtpnode06 postfix-170.55.103.23/smtpd[5993]: 796CE3D478: client=h-d31ae31e5f8e95fe54a540[170.55.103.23]
Sep  4 01:24:19 smtpnode06 h-353d61658b320[3912]: DKIM signing - signed; message-id=<h-bb18fbf7f9e3de162a378f31d8e8d1ee@h-5e67b9b4406.com>, signer=<@h-5e67b9b4406>, from=<h-5bdcd3c@h-01edc2ce3966fe46cf1e.com>
Sep  4 01:24:19 smtpnode06 postfix-170.55.103.23/cleanup[6979]: 796CE3D478: message-id=<h-bb18fbf7f9e3de162a378f31d8e8d1ee@h-5e67b9b4406.com>
Sep  4 01:24:19 smtpnode06 postfix-170.55.103.23/qmgr[2710]: 796CE3D478: from=<h-031a55e5a6a901a7be94@h-5e67b9b4406.com>, size=11125, nrcpt=1 (queue active)
Sep  4 01:24:19 smtpnode06 postfix-170.55.103.23/smtp[6980]: 6427C3D477: to=<h-5d4749b6e@h-7db8006395b.com>, relay=170.55.103.23[170.55.103.23]:2501, delay=0.15, delays=0.12/0/0/0.02, dsn=2.0.0, status=sent (250 2.0.0 Ok: queued as 796CE3D478)
Sep  4 01:24:19 smtpnode06 postfix-170.55.103.23/qmgr[2710]: 6427C3D477: removed
Sep  4 01:24:19 smtpnode06 postfix-170.55.103.23/smtpd[5993]: disconnect from h-d31ae31e5f8e95fe54a540[170.55.103.23] ehlo=1 mail=1 rcpt=1 data=1 quit=1 commands=5
Sep  4 01:24:19 smtpnode06 postfix-170.55.103.23/smtpd[5963]: disconnect from h-d04c17c68166c9deda13c8e79ad[112.83.23.93] ehlo=1 mail=1 rcpt=1 data=1 quit=1 commands=5
Sep  4 01:24:19 smtpnode06 postfix-170.55.103.23/smtp[6939]: Trusted TLS connection established to h-bbc4b9165ca87161771776f10f217c9a551bfc[254.112.135.140]:25: TLSv1.2 with cipher ECDHE-RSA-AES256-SHA384 (256/256 bits)
Sep  4 01:24:20 smtpnode06 postfix-170.55.103.23/smtp[6939]: 796CE3D478: to=<h-5d4749b6e@h-7db8006395b.com>, relay=h-bbc4b9165ca87161771776f10f217c9a551bfc[254.112.135.140]:25, delay=1, delays=0.02/0/0.43/0.58, dsn=2.6.0, status=sent (250 2.6.0 <h-bb18fbf7f9e3de162a378f31d8e8d1ee@h-5e67b9b4406.com> [InternalId=1885490670798, Hostname=h-f7871f407d4f9f1672e05e2.h-ae356a81c0f1953ae829d6902d5] 18754 bytes in 0.258, 70.863 KB/sec Queued mail for delivery -> 250 2.1.5)
Sep  4 01:24:20 smtpnode06 postfix-170.55.103.23/qmgr[2710]: 796CE3D478: removed
Sep  4 01:24:20 smtpnode06 postfix-170.55.103.23/smtpd[5965]: connect from h-d04c17c68166c9deda13c8e79ad[112.83.23.93]
Sep  4 01:24:20 smtpnode06 postfix-170.55.103.23/smtpd[5965]: D486D3D477: client=h-d04c17c68166c9deda13c8e79ad[112.83.23.93]
Sep  4 01:24:20 smtpnode06 postfix-170.55.103.23/cleanup[6979]: D486D3D477: message-id=<h-76efa5cb809533ffecc40c37af563f67@h-5e67b9b4406.com>
Sep  4 01:24:20 smtpnode06 postfix-170.55.103.23/qmgr[2710]: D486D3D477: from=<h-031a55e5a6a901a7be94@h-5e67b9b4406.com>, size=10510, nrcpt=1 (queue active)
Sep  4 01:24:20 smtpnode06 h-353d61658b320[3831]: connect from 170.55.103.23
Sep  4 01:24:20 smtpnode06 postfix-170.55.103.23/smtpd[5946]: connect from h-d31ae31e5f8e95fe54a540[170.55.103.23]
Sep  4 01:24:20 smtpnode06 postfix-170.55.103.23/smtp[6980]: discarding EHLO keywords: 8BITMIME STARTTLS
Sep  4 01:24:20 smtpnode06 postfix-170.55.103.23/smtpd[5946]: EA4B83D478: client=h-d31ae31e5f8e95fe54a540[170.55.103.23]
Sep  4 01:24:20 smtpnode06 h-353d61658b320[3831]: DKIM signing - signed; message-id=<h-76efa5cb809533ffecc40c37af563f67@h-5e67b9b4406.com>, signer=<@h-5e67b9b4406>, from=<h-5bdcd3c@h-01edc2ce3966fe46cf1e.com>
Sep  4 01:24:20 smtpnode06 postfix-170.55.103.23/cleanup[6979]: EA4B83D478: message-id=<h-76efa5cb809533ffecc40c37af563f67@h-5e67b9b4406.com>
Sep  4 01:24:20 smtpnode06 postfix-170.55.103.23/qmgr[2710]: EA4B83D478: from=<h-031a55e5a6a901a7be94@h-5e67b9b4406.com>, size=11125, nrcpt=1 (queue active)
Sep  4 01:24:20 smtpnode06 postfix-170.55.103.23/smtp[6980]: D486D3D477: to=<h-529b37ee210@h-05c3ae107.com>, relay=170.55.103.23[170.55.103.23]:2501, delay=0.15, delays=0.13/0/0/0.02, dsn=2.0.0, status=sent (250 2.0.0 Ok: queued as EA4B83D478)
Sep  4 01:24:20 smtpnode06 postfix-170.55.103.23/qmgr[2710]: D486D3D477: removed
Sep  4 01:24:20 smtpnode06 postfix-170.55.103.23/smtpd[5946]: disconnect from h-d31ae31e5f8e95fe54a540[170.55.103.23] ehlo=1 mail=1 rcpt=1 data=1 quit=1 commands=5
Sep  4 01:24:20 smtpnode06 postfix-170.55.103.23/smtpd[5965]: disconnect from h-d04c17c68166c9deda13c8e79ad[112.83.23.93] ehlo=1 mail=1 rcpt=1 data=1 quit=1 commands=5
Sep  4 01:24:21 smtpnode06 postfix-170.55.103.23/smtp[6936]: Trusted TLS connection established to h-7f2fc3f0.h-f9671944adb7[239.80.239.187]:25: TLSv1.2 with cipher ECDHE-RSA-AES128-GCM-SHA256 (128/128 bits)
Sep  4 01:24:21 smtpnode06 postfix-170.55.103.23/smtp[6936]: EA4B83D478: to=<h-529b37ee210@h-05c3ae107.com>, relay=h-7f2fc3f0.h-f9671944adb7[239.80.239.187]:25, delay=0.85, delays=0.02/0/0.27/0.56, dsn=2.0.0, status=sent (250 ok dirdel)
Sep  4 01:24:21 smtpnode06 postfix-170.55.103.23/qmgr[2710]: EA4B83D478: removed
Sep  4 01:24:22 smtpnode06 postfix-170.55.103.23/smtpd[5963]: connect from h-d04c17c68166c9deda13c8e79ad[112.83.23.93]
Sep  4 01:24:22 smtpnode06 postfix-170.55.103.23/smtpd[5963]: 9A2E43D477: client=h-d04c17c68166c9deda13c8e79ad[112.83.23.93]
Sep  4 01:24:22 smtpnode06 postfix-170.55.103.23/cleanup[6979]: 9A2E43D477: message-id=<h-85578e105048368bf76b4521851d7bd7@h-5e67b9b4406.com>
Sep  4 01:24:22 smtpnode06 postfix-170.55.103.23/qmgr[2710]: 9A2E43D477: from=<h-031a55e5a6a901a7be94@h-5e67b9b4406.com>, size=10514, nrcpt=1 (queue active)
Sep  4 01:24:22 smtpnode06 h-353d61658b320[2781]: connect from 170.55.103.23
Sep  4 01:24:22 smtpnode06 postfix-170.55.103.23/smtpd[5993]: connect from h-d31ae31e5f8e95fe54a540[170.55.103.23]
Sep  4 01:24:22 smtpnode06 postfix-170.55.103.23/smtp[6980]: discarding EHLO keywords: 8BITMIME STARTTLS
Sep  4 01:24:22 smtpnode06 postfix-170.55.103.23/smtpd[5993]: AFA4F3D478: client=h-d31ae31e5f8e95fe54a540[170.55.103.23]
Sep  4 01:24:22 smtpnode06 h-353d61658b320[2781]: DKIM signing - signed; message-id=<h-85578e105048368bf76b4521851d7bd7@h-5e67b9b4406.com>, signer=<@h-5e67b9b4406>, from=<h-5bdcd3c@h-01edc2ce3966fe46cf1e.com>
Sep  4 01:24:22 smtpnode06 postfix-170.55.103.23/cleanup[6979]: AFA4F3D478: message-id=<h-85578e105048368bf76b4521851d7bd7@h-5e67b9b4406.com>
Sep  4 01:24:22 smtpnode06 postfix-170.55.103.23/qmgr[2710]: AFA4F3D478: from=<h-031a55e5a6a901a7be94@h-5e67b9b4406.com>, size=11130, nrcpt=1 (queue active)
Sep  4 01:24:22 smtpnode06 postfix-170.55.103.23/smtp[6980]: 9A2E43D477: to=<h-8dfc75c9d944@h-05c3ae107.com>, relay=170.55.103.23[170.55.103.23]:2501, delay=0.15, delays=0.12/0/0/0.02, dsn=2.0.0, status=sent (250 2.0.0 Ok: queued as AFA4F3D478)
Sep  4 01:24:22 smtpnode06 postfix-170.55.103.23/qmgr[2710]: 9A2E43D477: removed
Sep  4 01:24:22 smtpnode06 postfix-170.55.103.23/smtpd[5993]: disconnect from h-d31ae31e5f8e95fe54a540[170.55.103.23] ehlo=1 mail=1 rcpt=1 data=1 quit=1 commands=5
Sep  4 01:24:22 smtpnode06 postfix-170.55.103.23/smtpd[5963]: disconnect from h-d04c17c68166c9deda13c8e79ad[112.83.23.93] ehlo=1 mail=1 rcpt=1 data=1 quit=1 commands=5
Sep  4 01:24:23 smtpnode06 postfix-170.55.103.23/smtp[6937]: Trusted TLS connection established to h-2b8e6720.h-f9671944adb7[165.229.252.180]:25: TLSv1.2 with cipher ECDHE-RSA-AES128-GCM-SHA256 (128/128 bits)
Sep  4 01:24:24 smtpnode06 postfix-170.55.103.23/smtpd[5965]: connect from h-d04c17c68166c9deda13c8e79ad[112.83.23.93]
Sep  4 01:24:24 smtpnode06 postfix-170.55.103.23/smtpd[5965]: 2ADA43D477: client=h-d04c17c68166c9deda13c8e79ad[112.83.23.93]
Sep  4 01:24:24 smtpnode06 postfix-170.55.103.23/smtp[6937]: AFA4F3D478: to=<h-8dfc75c9d944@h-05c3ae107.com>, relay=h-2b8e6720.h-f9671944adb7[165.229.252.180]:25, delay=1.5, delays=0.02/0/0.46/1, dsn=2.0.0, status=sent (250 ok dirdel)
Sep  4 01:24:24 smtpnode06 postfix-170.55.103.23/qmgr[2710]: AFA4F3D478: removed
Sep  4 01:24:24 smtpnode06 postfix-170.55.103.23/cleanup[6979]: 2ADA43D477: message-id=<h-51379c3b60ddee0444f1fd5164a023f1@h-5e67b9b4406.com>
Sep  4 01:24:24 smtpnode06 postfix-170.55.103.23/qmgr[2710]: 2ADA43D477: from=<h-031a55e5a6a901a7be94@h-5e67b9b4406.com>, size=10530, nrcpt=1 (queue active)
Sep  4 01:24:24 smtpnode06 h-353d61658b320[6961]: connect from 170.55.103.23
Sep  4 01:24:24 smtpnode06 postfix-170.55.103.23/smtpd[5946]: connect from h-d31ae31e5f8e95fe54a540[170.55.103.23]
Sep  4 01:24:24 smtpnode06 postfix-170.55.103.23/smtp[6980]: discarding EHLO keywords: 8BITMIME STARTTLS
Sep  4 01:24:24 smtpnode06 postfix-170.55.103.23/smtpd[5946]: 40F2C3D478: client=h-d31ae31e5f8e95fe54a540[170.55.103.23]
Sep  4 01:24:24 smtpnode06 h-353d61658b320[6961]: DKIM signing - signed; message-id=<h-51379c3b60ddee0444f1fd5164a023f1@h-5e67b9b4406.com>, signer=<@h-5e67b9b4406>, from=<h-5bdcd3c@h-01edc2ce3966fe46cf1e.com>
Sep  4 01:24:24 smtpnode06 postfix-170.55.103.23/cleanup[6979]: 40F2C3D478: message-id=<h-51379c3b60ddee0444f1fd5164a023f1@h-5e67b9b4406.com>
Sep  4 01:24:24 smtpnode06 postfix-170.55.103.23/qmgr[2710]: 40F2C3D478: from=<h-031a55e5a6a901a7be94@h-5e67b9b4406.com>, size=11150, nrcpt=1 (queue active)
Sep  4 01:24:24 smtpnode06 postfix-170.55.103.23/smtp[6980]: 2ADA43D477: to=<h-ae1e0e315e817dcd@h-05c3ae107.com>, relay=170.55.103.23[170.55.103.23]:2501, delay=0.15, delays=0.13/0/0/0.02, dsn=2.0.0, status=sent (250 2.0.0 Ok: queued as 40F2C3D478)
Sep  4 01:24:24 smtpnode06 postfix-170.55.103.23/qmgr[2710]: 2ADA43D477: removed
Sep  4 01:24:24 smtpnode06 postfix-170.55.103.23/smtpd[5946]: disconnect from h-d31ae31e5f8e95fe54a540[170.55.103.23] ehlo=1 mail=1 rcpt=1 data=1 quit=1 commands=5
Sep  4 01:24:24 smtpnode06 postfix-170.55.103.23/smtpd[5965]: disconnect from h-d04c17c68166c9deda13c8e79ad[112.83.23.93] ehlo=1 mail=1 rcpt=1 data=1 quit=1 commands=5
Sep  4 01:24:25 smtpnode06 postfix-170.55.103.23/smtp[6938]: Trusted TLS connection established to h-7f2fc3f0.h-f9671944adb7[165.229.252.187]:25: TLSv1.2 with cipher ECDHE-RSA-AES128-GCM-SHA256 (128/128 bits)
Sep  4 01:24:25 smtpnode06 postfix-170.55.103.23/smtpd[5963]: connect from h-d04c17c68166c9deda13c8e79ad[112.83.23.93]
Sep  4 01:24:26 smtpnode06 postfix-170.55.103.23/smtpd[5963]: 1D8A43D477: client=h-d04c17c68166c9deda13c8e79ad[112.83.23.93]
Sep  4 01:24:26 smtpnode06 postfix-170.55.103.23/cleanup[6979]: 1D8A43D477: message-id=<h-d538f22af15656213c4aec01a7e7879e@h-5e67b9b4406.com>
Sep  4 01:24:26 smtpnode06 postfix-170.55.103.23/qmgr[2710]: 1D8A43D477: from=<h-031a55e5a6a901a7be94@h-5e67b9b4406.com>, size=10514, nrcpt=1 (queue active)
Sep  4 01:24:26 smtpnode06 h-353d61658b320[31169]: connect from 170.55.103.23
Sep  4 01:24:26 smtpnode06 postfix-170.55.103.23/smtpd[5993]: connect from h-d31ae31e5f8e95fe54a540[170.55.103.23]
Sep  4 01:24:26 smtpnode06 postfix-170.55.103.23/smtp[6980]: discarding EHLO keywords: 8BITMIME STARTTLS
Sep  4 01:24:26 smtpnode06 postfix-170.55.103.23/smtpd[5993]: 343EB3D47B: client=h-d31ae31e5f8e95fe54a540[170.55.103.23]
Sep  4 01:24:26 smtpnode06 h-353d61658b320[31169]: DKIM signing - signed; message-id=<h-d538f22af15656213c4aec01a7e7879e@h-5e67b9b4406.com>, signer=<@h-5e67b9b4406>, from=<h-5bdcd3c@h-01edc2ce3966fe46cf1e.com>
Sep  4 01:24:26 smtpnode06 postfix-170.55.103.23/cleanup[6979]: 343EB3D47B: message-id=<h-d538f22af15656213c4aec01a7e7879e@h-5e67b9b4406.com>
Sep  4 01:24:26 smtpnode06 postfix-170.55.103.23/qmgr[2710]: 343EB3D47B: from=<h-031a55e5a6a901a7be94@h-5e67b9b4406.com>, size=11130, nrcpt=1 (queue active)
Sep  4 01:24:26 smtpnode06 postfix-170.55.103.23/smtp[6980]: 1D8A43D477: to=<h-fd3717fa584c@h-05c3ae107.com>, relay=170.55.103.23[170.55.103.23]:2501, delay=0.15, delays=0.13/0/0/0.02, dsn=2.0.0, status=sent (250 2.0.0 Ok: queued as 343EB3D47B)
Sep  4 01:24:26 smtpnode06 postfix-170.55.103.23/qmgr[2710]: 1D8A43D477: removed
Sep  4 01:24:26 smtpnode06 postfix-170.55.103.23/smtpd[5993]: disconnect from h-d31ae31e5f8e95fe54a540[170.55.103.23] ehlo=1 mail=1 rcpt=1 data=1 quit=1 commands=5
Sep  4 01:24:26 smtpnode06 postfix-170.55.103.23/smtpd[5963]: disconnect from h-d04c17c68166c9deda13c8e79ad[112.83.23.93] ehlo=1 mail=1 rcpt=1 data=1 quit=1 commands=5
Sep  4 01:24:26 smtpnode06 postfix-170.55.103.23/smtp[6938]: 40F2C3D478: to=<h-ae1e0e315e817dcd@h-05c3ae107.com>, relay=h-7f2fc3f0.h-f9671944adb7[165.229.252.187]:25, delay=2.1, delays=0.02/1/0.46/0.63, dsn=2.0.0, status=sent (250 ok dirdel)
Sep  4 01:24:26 smtpnode06 postfix-170.55.103.23/qmgr[2710]: 40F2C3D478: removed
Sep  4 01:24:27 smtpnode06 postfix-170.55.103.23/smtpd[5965]: connect from h-d04c17c68166c9deda13c8e79ad[112.83.23.93]
Sep  4 01:24:27 smtpnode06 postfix-170.55.103.23/smtpd[5965]: 7702F3D477: client=h-d04c17c68166c9deda13c8e79ad[112.83.23.93]
Sep  4 01:24:27 smtpnode06 postfix-170.55.103.23/cleanup[6979]: 7702F3D477: message-id=<h-e651ded9e0d309956a3a065445ec36f9@h-5e67b9b4406.com>
Sep  4 01:24:27 smtpnode06 postfix-170.55.103.23/qmgr[2710]: 7702F3D477: from=<h-031a55e5a6a901a7be94@h-5e67b9b4406.com>, size=10506, nrcpt=1 (queue active)
Sep  4 01:24:27 smtpnode06 h-353d61658b320[6946]: connect from 170.55.103.23
Sep  4 01:24:27 smtpnode06 postfix-170.55.103.23/smtpd[5946]: connect from h-d31ae31e5f8e95fe54a540[170.55.103.23]
Sep  4 01:24:27 smtpnode06 postfix-170.55.103.23/smtp[6980]: discarding EHLO keywords: 8BITMIME STARTTLS
Sep  4 01:24:27 smtpnode06 postfix-170.55.103.23/smtpd[5946]: 8C93F3D478: client=h-d31ae31e5f8e95fe54a540[170.55.103.23]
Sep  4 01:24:27 smtpnode06 h-353d61658b320[6946]: DKIM signing - signed; message-id=<h-e651ded9e0d309956a3a065445ec36f9@h-5e67b9b4406.com>, signer=<@h-5e67b9b4406>, from=<h-5bdcd3c@h-01edc2ce3966fe46cf1e.com>
Sep  4 01:24:27 smtpnode06 postfix-170.55.103.23/cleanup[6979]: 8C93F3D478: message-id=<h-e651ded9e0d309956a3a065445ec36f9@h-5e67b9b4406.com>
Sep  4 01:24:27 smtpnode06 postfix-170.55.103.23/qmgr[2710]: 8C93F3D478: from=<h-031a55e5a6a901a7be94@h-5e67b9b4406.com>, size=11120, nrcpt=1 (queue active)
Sep  4 01:24:27 smtpnode06 postfix-170.55.103.23/smtp[6980]: 7702F3D477: to=<h-abbc0da9ad@h-05c3ae107.com>, relay=170.55.103.23[170.55.103.23]:2501, delay=0.15, delays=0.12/0/0/0.02, dsn=2.0.0, status=sent (250 2.0.0 Ok: queued as 8C93F3D478)
Sep  4 01:24:27 smtpnode06 postfix-170.55.103.23/qmgr[2710]: 7702F3D477: removed
Sep  4 01:24:27 smtpnode06 postfix-170.55.103.23/smtpd[5946]: disconnect from h-d31ae31e5f8e95fe54a540[170.55.103.23] ehlo=1 mail=1 rcpt=1 data=1 quit=1 commands=5
Sep  4 01:24:27 smtpnode06 postfix-170.55.103.23/smtpd[5965]: disconnect from h-d04c17c68166c9deda13c8e79ad[112.83.23.93] ehlo=1 mail=1 rcpt=1 data=1 quit=1 commands=5
Sep  4 01:24:27 smtpnode06 postfix-170.55.103.23/smtp[6935]: Trusted TLS connection established to h-b12585b0.h-f9671944adb7[165.229.252.180]:25: TLSv1.2 with cipher ECDHE-RSA-AES128-GCM-SHA256 (128/128 bits)
Sep  4 01:24:28 smtpnode06 postfix-170.55.103.23/smtp[6935]: 343EB3D47B: to=<h-fd3717fa584c@h-05c3ae107.com>, relay=h-b12585b0.h-f9671944adb7[165.229.252.180]:25, delay=2.7, delays=0.02/1.2/0.45/1.1, dsn=2.0.0, status=sent (250 ok dirdel)
Sep  4 01:24:28 smtpnode06 postfix-170.55.103.23/qmgr[2710]: 343EB3D47B: removed
Sep  4 01:24:29 smtpnode06 postfix-170.55.103.23/smtpd[5963]: connect from h-d04c17c68166c9deda13c8e79ad[112.83.23.93]
Sep  4 01:24:29 smtpnode06 postfix-170.55.103.23/smtpd[5963]: 5EB133D477: client=h-d04c17c68166c9deda13c8e79ad[112.83.23.93]
Sep  4 01:24:29 smtpnode06 postfix-170.55.103.23/cleanup[6979]: 5EB133D477: message-id=<h-fff2859f4b1b713804738474179ba194@h-5e67b9b4406.com>
Sep  4 01:24:29 smtpnode06 postfix-170.55.103.23/qmgr[2710]: 5EB133D477: from=<h-031a55e5a6a901a7be94@h-5e67b9b4406.com>, size=10534, nrcpt=1 (queue active)
Sep  4 01:24:29 smtpnode06 h-353d61658b320[3912]: connect from 170.55.103.23
Sep  4 01:24:29 smtpnode06 postfix-170.55.103.23/smtpd[5993]: connect from h-d31ae31e5f8e95fe54a540[170.55.103.23]
Sep  4 01:24:29 smtpnode06 postfix-170.55.103.23/smtp[6980]: discarding EHLO keywords: 8BITMIME STARTTLS
Sep  4 01:24:29 smtpnode06 postfix-170.55.103.23/smtpd[5993]: 740C83D47B: client=h-d31ae31e5f8e95fe54a540[170.55.103.23]
Sep  4 01:24:29 smtpnode06 h-353d61658b320[3912]: DKIM signing - signed; message-id=<h-fff2859f4b1b713804738474179ba194@h-5e67b9b4406.com>, signer=<@h-5e67b9b4406>, from=<h-5bdcd3c@h-01edc2ce3966fe46cf1e.com>
Sep  4 01:24:29 smtpnode06 postfix-170.55.103.23/cleanup[6979]: 740C83D47B: message-id=<h-fff2859f4b1b713804738474179ba194@h-5e67b9b4406.com>
Sep  4 01:24:29 smtpnode06 postfix-170.55.103.23/qmgr[2710]: 740C83D47B: from=<h-031a55e5a6a901a7be94@h-5e67b9b4406.com>, size=11155, nrcpt=1 (queue active)
Sep  4 01:24:29 smtpnode06 postfix-170.55.103.23/smtp[6980]: 5EB133D477: to=<h-3b352195e31fdd87a@h-05c3ae107.com>, relay=170.55.103.23[170.55.103.23]:2501, delay=0.15, delays=0.12/0/0/0.02, dsn=2.0.0, status=sent (250 2.0.0 Ok: queued as 740C83D47B)
Sep  4 01:24:29 smtpnode06 postfix-170.55.103.23/qmgr[2710]: 5EB133D477: removed
Sep  4 01:24:29 smtpnode06 postfix-170.55.103.23/smtpd[5993]: disconnect from h-d31ae31e5f8e95fe54a540[170.55.103.23] ehlo=1 mail=1 rcpt=1 data=1 quit=1 commands=5
Sep  4 01:24:29 smtpnode06 postfix-170.55.103.23/smtpd[5963]: disconnect from h-d04c17c68166c9deda13c8e79ad[112.83.23.93] ehlo=1 mail=1 rcpt=1 data=1 quit=1 commands=5
Sep  4 01:24:29 smtpnode06 postfix-170.55.103.23/smtp[6930]: Trusted TLS connection established to h-7f2fc3f0.h-f9671944adb7[165.229.252.180]:25: TLSv1.2 with cipher ECDHE-RSA-AES128-GCM-SHA256 (128/128 bits)
Sep  4 01:24:30 smtpnode06 postfix-170.55.103.23/smtp[6930]: 8C93F3D478: to=<h-abbc0da9ad@h-05c3ae107.com>, relay=h-7f2fc3f0.h-f9671944adb7[165.229.252.180]:25, delay=3.3, delays=0.02/1.9/0.46/0.89, dsn=2.0.0, status=sent (250 ok dirdel)
Sep  4 01:24:30 smtpnode06 postfix-170.55.103.23/qmgr[2710]: 8C93F3D478: removed
Sep  4 01:24:31 smtpnode06 postfix-170.55.103.23/smtpd[5965]: connect from h-d04c17c68166c9deda13c8e79ad[112.83.23.93]
Sep  4 01:24:31 smtpnode06 postfix-170.55.103.23/smtpd[5965]: 625A53D477: client=h-d04c17c68166c9deda13c8e79ad[112.83.23.93]
Sep  4 01:24:31 smtpnode06 postfix-170.55.103.23/cleanup[6979]: 625A53D477: message-id=<h-adb43881827984046a530bd5adecc2dd@h-5e67b9b4406.com>
Sep  4 01:24:31 smtpnode06 postfix-170.55.103.23/qmgr[2710]: 625A53D477: from=<h-031a55e5a6a901a7be94@h-5e67b9b4406.com>, size=10526, nrcpt=1 (queue active)
Sep  4 01:24:31 smtpnode06 h-353d61658b320[3831]: connect from 170.55.103.23
Sep  4 01:24:31 smtpnode06 postfix-170.55.103.23/smtpd[5946]: connect from h-d31ae31e5f8e95fe54a540[170.55.103.23]
Sep  4 01:24:31 smtpnode06 postfix-170.55.103.23/smtp[6980]: discarding EHLO keywords: 8BITMIME STARTTLS
Sep  4 01:24:31 smtpnode06 postfix-170.55.103.23/smtpd[5946]: 788EB3D478: client=h-d31ae31e5f8e95fe54a540[170.55.103.23]
Sep  4 01:24:31 smtpnode06 h-353d61658b320[3831]: DKIM signing - signed; message-id=<h-adb43881827984046a530bd5adecc2dd@h-5e67b9b4406.com>, signer=<@h-5e67b9b4406>, from=<h-5bdcd3c@h-01edc2ce3966fe46cf1e.com>
Sep  4 01:24:31 smtpnode06 postfix-170.55.103.23/cleanup[6979]: 788EB3D478: message-id=<h-adb43881827984046a530bd5adecc2dd@h-5e67b9b4406.com>
Sep  4 01:24:31 smtpnode06 postfix-170.55.103.23/qmgr[2710]: 788EB3D478: from=<h-031a55e5a6a901a7be94@h-5e67b9b4406.com>, size=11145, nrcpt=1 (queue active)
Sep  4 01:24:31 smtpnode06 postfix-170.55.103.23/smtp[6980]: 625A53D477: to=<h-0888e54609bae@h-7db8006395b.com>, relay=170.55.103.23[170.55.103.23]:2501, delay=0.15, delays=0.13/0/0/0.02, dsn=2.0.0, status=sent (250 2.0.0 Ok: queued as 788EB3D478)
Sep  4 01:24:31 smtpnode06 postfix-170.55.103.23/qmgr[2710]: 625A53D477: removed
Sep  4 01:24:31 smtpnode06 postfix-170.55.103.23/smtpd[5946]: disconnect from h-d31ae31e5f8e95fe54a540[170.55.103.23] ehlo=1 mail=1 rcpt=1 data=1 quit=1 commands=5
Sep  4 01:24:31 smtpnode06 postfix-170.55.103.23/smtpd[5965]: disconnect from h-d04c17c68166c9deda13c8e79ad[112.83.23.93] ehlo=1 mail=1 rcpt=1 data=1 quit=1 commands=5
Sep  4 01:24:31 smtpnode06 postfix-170.55.103.23/smtp[6940]: Trusted TLS connection established to h-2b8e6720.h-f9671944adb7[165.229.55.6]:25: TLSv1.2 with cipher ECDHE-RSA-AES128-GCM-SHA256 (128/128 bits)
Sep  4 01:24:31 smtpnode06 postfix-170.55.103.23/smtp[6931]: Trusted TLS connection established to h-bbc4b9165ca87161771776f10f217c9a551bfc[254.112.120.83]:25: TLSv1.2 with cipher ECDHE-RSA-AES256-GCM-SHA384 (256/256 bits)
Sep  4 01:24:32 smtpnode06 postfix-170.55.103.23/smtp[6931]: 788EB3D478: to=<h-0888e54609bae@h-7db8006395b.com>, relay=h-bbc4b9165ca87161771776f10f217c9a551bfc[254.112.120.83]:25, delay=1.1, delays=0.02/0/0.39/0.7, dsn=2.6.0, status=sent (250 2.6.0 <h-adb43881827984046a530bd5adecc2dd@h-5e67b9b4406.com> [InternalId=82862804051877, Hostname=h-e8711997279600b54a0be05.h-ae356a81c0f1953ae829d6902d5] 18746 bytes in 0.403, 45.421 KB/sec Queued mail for delivery -> 250 2.1.5)
Sep  4 01:24:32 smtpnode06 postfix-170.55.103.23/qmgr[2710]: 788EB3D478: removed
Sep  4 01:24:32 smtpnode06 postfix-170.55.103.23/smtp[6940]: 740C83D47B: to=<h-3b352195e31fdd87a@h-05c3ae107.com>, relay=h-2b8e6720.h-f9671944adb7[165.229.55.6]:25, delay=3.2, delays=0.02/2/0.17/1, dsn=2.0.0, status=sent (250 ok dirdel)
Sep  4 01:24:32 smtpnode06 postfix-170.55.103.23/qmgr[2710]: 740C83D47B: removed
Sep  4 01:24:35 smtpnode06 postfix-170.55.103.23/smtpd[5963]: connect from h-d04c17c68166c9deda13c8e79ad[112.83.23.93]
Sep  4 01:24:35 smtpnode06 postfix-170.55.103.23/smtpd[5963]: CF7813D477: client=h-d04c17c68166c9deda13c8e79ad[112.83.23.93]
Sep  4 01:24:35 smtpnode06 postfix-170.55.103.23/cleanup[6979]: CF7813D477: message-id=<h-0c06a91c13229e294b63e4cacca0a2a4@h-5e67b9b4406.com>
Sep  4 01:24:35 smtpnode06 postfix-170.55.103.23/qmgr[2710]: CF7813D477: from=<h-031a55e5a6a901a7be94@h-5e67b9b4406.com>, size=10502, nrcpt=1 (queue active)
Sep  4 01:24:35 smtpnode06 h-353d61658b320[2781]: connect from 170.55.103.23
Sep  4 01:24:35 smtpnode06 postfix-170.55.103.23/smtpd[5993]: connect from h-d31ae31e5f8e95fe54a540[170.55.103.23]
Sep  4 01:24:35 smtpnode06 postfix-170.55.103.23/smtp[6980]: discarding EHLO keywords: 8BITMIME STARTTLS
Sep  4 01:24:35 smtpnode06 postfix-170.55.103.23/smtpd[5993]: E53EC3D478: client=h-d31ae31e5f8e95fe54a540[170.55.103.23]
Sep  4 01:24:35 smtpnode06 h-353d61658b320[2781]: DKIM signing - signed; message-id=<h-0c06a91c13229e294b63e4cacca0a2a4@h-5e67b9b4406.com>, signer=<@h-5e67b9b4406>, from=<h-5bdcd3c@h-01edc2ce3966fe46cf1e.com>
Sep  4 01:24:35 smtpnode06 postfix-170.55.103.23/cleanup[6979]: E53EC3D478: message-id=<h-0c06a91c13229e294b63e4cacca0a2a4@h-5e67b9b4406.com>
Sep  4 01:24:35 smtpnode06 postfix-170.55.103.23/qmgr[2710]: E53EC3D478: from=<h-031a55e5a6a901a7be94@h-5e67b9b4406.com>, size=11115, nrcpt=1 (queue active)
Sep  4 01:24:35 smtpnode06 postfix-170.55.103.23/smtp[6980]: CF7813D477: to=<h-567c43a@h-7db8006395b.com>, relay=170.55.103.23[170.55.103.23]:2501, delay=0.15, delays=0.13/0/0/0.02, dsn=2.0.0, status=sent (250 2.0.0 Ok: queued as E53EC3D478)
Sep  4 01:24:35 smtpnode06 postfix-170.55.103.23/qmgr[2710]: CF7813D477: removed
Sep  4 01:24:35 smtpnode06 postfix-170.55.103.23/smtpd[5993]: disconnect from h-d31ae31e5f8e95fe54a540[170.55.103.23] ehlo=1 mail=1 rcpt=1 data=1 quit=1 commands=5
Sep  4 01:24:35 smtpnode06 postfix-170.55.103.23/smtpd[5963]: disconnect from h-d04c17c68166c9deda13c8e79ad[112.83.23.93] ehlo=1 mail=1 rcpt=1 data=1 quit=1 commands=5
Sep  4 01:24:36 smtpnode06 postfix-170.55.103.23/smtp[6932]: Trusted TLS connection established to h-bbc4b9165ca87161771776f10f217c9a551bfc[254.112.135.140]:25: TLSv1.2 with cipher ECDHE-RSA-AES256-SHA384 (256/256 bits)
Sep  4 01:24:37 smtpnode06 postfix-170.55.103.23/smtp[6932]: E53EC3D478: to=<h-567c43a@h-7db8006395b.com>, relay=h-bbc4b9165ca87161771776f10f217c9a551bfc[254.112.135.140]:25, delay=1.3, delays=0.02/0/0.43/0.81, dsn=2.6.0, status=sent (250 2.6.0 <h-0c06a91c13229e294b63e4cacca0a2a4@h-5e67b9b4406.com> [InternalId=1906965507392, Hostname=h-12cf8652710ec93d57d8f62.h-ae356a81c0f1953ae829d6902d5] 18741 bytes in 0.284, 64.323 KB/sec Queued mail for delivery -> 250 2.1.5)
Sep  4 01:24:37 smtpnode06 postfix-170.55.103.23/qmgr[2710]: E53EC3D478: removed
Sep  4 01:24:38 smtpnode06 postfix-170.55.103.23/smtpd[5965]: connect from h-d04c17c68166c9deda13c8e79ad[112.83.23.93]
Sep  4 01:24:38 smtpnode06 postfix-170.55.103.23/smtpd[5965]: 920313D477: client=h-d04c17c68166c9deda13c8e79ad[112.83.23.93]
Sep  4 01:24:38 smtpnode06 postfix-170.55.103.23/cleanup[6979]: 920313D477: message-id=<h-7a9e66d8150c3c84fb321ff70133becf@h-5e67b9b4406.com>
Sep  4 01:24:38 smtpnode06 postfix-170.55.103.23/qmgr[2710]: 920313D477: from=<h-031a55e5a6a901a7be94@h-5e67b9b4406.com>, size=10538, nrcpt=1 (queue active)
Sep  4 01:24:38 smtpnode06 h-353d61658b320[6961]: connect from 170.55.103.23
Sep  4 01:24:38 smtpnode06 postfix-170.55.103.23/smtpd[5946]: connect from h-d31ae31e5f8e95fe54a540[170.55.103.23]
Sep  4 01:24:38 smtpnode06 postfix-170.55.103.23/smtp[6980]: discarding EHLO keywords: 8BITMIME STARTTLS
Sep  4 01:24:38 smtpnode06 postfix-170.55.103.23/smtpd[5946]: A87153D478: client=h-d31ae31e5f8e95fe54a540[170.55.103.23]
Sep  4 01:24:38 smtpnode06 h-353d61658b320[6961]: DKIM signing - signed; message-id=<h-7a9e66d8150c3c84fb321ff70133becf@h-5e67b9b4406.com>, signer=<@h-5e67b9b4406>, from=<h-5bdcd3c@h-01edc2ce3966fe46cf1e.com>
Sep  4 01:24:38 smtpnode06 postfix-170.55.103.23/cleanup[6979]: A87153D478: message-id=<h-7a9e66d8150c3c84fb321ff70133becf@h-5e67b9b4406.com>
Sep  4 01:24:38 smtpnode06 postfix-170.55.103.23/qmgr[2710]: A87153D478: from=<h-031a55e5a6a901a7be94@h-5e67b9b4406.com>, size=11160, nrcpt=1 (queue active)
Sep  4 01:24:38 smtpnode06 postfix-170.55.103.23/smtp[6980]: 920313D477: to=<h-7eba9bda6a253aba@h-7db8006395b.com>, relay=170.55.103.23[170.55.103.23]:2501, delay=0.15, delays=0.13/0/0/0.02, dsn=2.0.0, status=sent (250 2.0.0 Ok: queued as A87153D478)
Sep  4 01:24:38 smtpnode06 postfix-170.55.103.23/qmgr[2710]: 920313D477: removed
Sep  4 01:24:38 smtpnode06 postfix-170.55.103.23/smtpd[5946]: disconnect from h-d31ae31e5f8e95fe54a540[170.55.103.23] ehlo=1 mail=1 rcpt=1 data=1 quit=1 commands=5
Sep  4 01:24:38 smtpnode06 postfix-170.55.103.23/smtpd[5965]: disconnect from h-d04c17c68166c9deda13c8e79ad[112.83.23.93] ehlo=1 mail=1 rcpt=1 data=1 quit=1 commands=5
Sep  4 01:24:39 smtpnode06 postfix-170.55.103.23/smtp[5973]: Trusted TLS connection established to h-bbc4b9165ca87161771776f10f217c9a551bfc[254.112.135.140]:25: TLSv1.2 with cipher ECDHE-RSA-AES256-SHA384 (256/256 bits)
Sep  4 01:24:39 smtpnode06 postfix-170.55.103.23/smtp[5973]: A87153D478: to=<h-7eba9bda6a253aba@h-7db8006395b.com>, relay=h-bbc4b9165ca87161771776f10f217c9a551bfc[254.112.135.140]:25, delay=1, delays=0.02/0/0.43/0.57, dsn=2.6.0, status=sent (250 2.6.0 <h-7a9e66d8150c3c84fb321ff70133becf@h-5e67b9b4406.com> [InternalId=1881195699854, Hostname=h-243cb6373de632da1770962.h-ae356a81c0f1953ae829d6902d5] 18799 bytes in 0.251, 72.941 KB/sec Queued mail for delivery -> 250 2.1.5)
Sep  4 01:24:39 smtpnode06 postfix-170.55.103.23/qmgr[2710]: A87153D478: removed
Sep  4 01:24:42 smtpnode06 postfix-170.55.103.23/smtpd[5963]: connect from h-d04c17c68166c9deda13c8e79ad[112.83.23.93]
Sep  4 01:24:43 smtpnode06 postfix-170.55.103.23/smtpd[5963]: 077413D477: client=h-d04c17c68166c9deda13c8e79ad[112.83.23.93]
Sep  4 01:24:43 smtpnode06 postfix-170.55.103.23/cleanup[6979]: 077413D477: message-id=<h-6e5ad4d0201e71e0f6b42b3b78a39679@h-5e67b9b4406.com>
Sep  4 01:24:43 smtpnode06 postfix-170.55.103.23/qmgr[2710]: 077413D477: from=<h-031a55e5a6a901a7be94@h-5e67b9b4406.com>, size=10526, nrcpt=1 (queue active)
Sep  4 01:24:43 smtpnode06 h-353d61658b320[31169]: connect from 170.55.103.23
Sep  4 01:24:43 smtpnode06 postfix-170.55.103.23/smtpd[5993]: connect from h-d31ae31e5f8e95fe54a540[170.55.103.23]
Sep  4 01:24:43 smtpnode06 postfix-170.55.103.23/smtp[6980]: discarding EHLO keywords: 8BITMIME STARTTLS
Sep  4 01:24:43 smtpnode06 postfix-170.55.103.23/smtpd[5993]: 1CC413D478: client=h-d31ae31e5f8e95fe54a540[170.55.103.23]
Sep  4 01:24:43 smtpnode06 h-353d61658b320[31169]: DKIM signing - signed; message-id=<h-6e5ad4d0201e71e0f6b42b3b78a39679@h-5e67b9b4406.com>, signer=<@h-5e67b9b4406>, from=<h-5bdcd3c@h-01edc2ce3966fe46cf1e.com>
Sep  4 01:24:43 smtpnode06 postfix-170.55.103.23/cleanup[6979]: 1CC413D478: message-id=<h-6e5ad4d0201e71e0f6b42b3b78a39679@h-5e67b9b4406.com>
Sep  4 01:24:43 smtpnode06 postfix-170.55.103.23/qmgr[2710]: 1CC413D478: from=<h-031a55e5a6a901a7be94@h-5e67b9b4406.com>, size=11145, nrcpt=1 (queue active)
Sep  4 01:24:43 smtpnode06 postfix-170.55.103.23/smtp[6980]: 077413D477: to=<h-6b979e4896@h-08ceebeebe29ca.com>, relay=170.55.103.23[170.55.103.23]:2501, delay=0.15, delays=0.12/0/0/0.02, dsn=2.0.0, status=sent (250 2.0.0 Ok: queued as 1CC413D478)
Sep  4 01:24:43 smtpnode06 postfix-170.55.103.23/qmgr[2710]: 077413D477: removed
Sep  4 01:24:43 smtpnode06 postfix-170.55.103.23/smtpd[5993]: disconnect from h-d31ae31e5f8e95fe54a540[170.55.103.23] ehlo=1 mail=1 rcpt=1 data=1 quit=1 commands=5
Sep  4 01:24:43 smtpnode06 postfix-170.55.103.23/smtpd[5963]: disconnect from h-d04c17c68166c9deda13c8e79ad[112.83.23.93] ehlo=1 mail=1 rcpt=1 data=1 quit=1 commands=5
Sep  4 01:24:46 smtpnode06 postfix-170.55.103.23/smtp[5974]: Trusted TLS connection established to h-da673c1d2ddcbfc6477ba783c45918[254.112.90.83]:25: TLSv1.2 with cipher ECDHE-RSA-AES256-GCM-SHA384 (256/256 bits)
Sep  4 01:24:46 smtpnode06 postfix-170.55.103.23/smtpd[5965]: connect from h-d04c17c68166c9deda13c8e79ad[112.83.23.93]
Sep  4 01:24:46 smtpnode06 postfix-170.55.103.23/smtpd[5965]: B627A3D477: client=h-d04c17c68166c9deda13c8e79ad[112.83.23.93]
Sep  4 01:24:46 smtpnode06 postfix-170.55.103.23/cleanup[6979]: B627A3D477: message-id=<h-c4a85fbb29b382554539b0c47f29afef@h-5e67b9b4406.com>
Sep  4 01:24:46 smtpnode06 postfix-170.55.103.23/qmgr[2710]: B627A3D477: from=<h-031a55e5a6a901a7be94@h-5e67b9b4406.com>, size=10510, nrcpt=1 (queue active)
Sep  4 01:24:46 smtpnode06 h-353d61658b320[6946]: connect from 170.55.103.23
Sep  4 01:24:46 smtpnode06 postfix-170.55.103.23/smtpd[5946]: connect from h-d31ae31e5f8e95fe54a540[170.55.103.23]
Sep  4 01:24:46 smtpnode06 postfix-170.55.103.23/smtp[6980]: discarding EHLO keywords: 8BITMIME STARTTLS
Sep  4 01:24:46 smtpnode06 postfix-170.55.103.23/smtpd[5946]: CBF9A3D47B: client=h-d31ae31e5f8e95fe54a540[170.55.103.23]
Sep  4 01:24:46 smtpnode06 h-353d61658b320[6946]: DKIM signing - signed; message-id=<h-c4a85fbb29b382554539b0c47f29afef@h-5e67b9b4406.com>, signer=<@h-5e67b9b4406>, from=<h-5bdcd3c@h-01edc2ce3966fe46cf1e.com>
Sep  4 01:24:46 smtpnode06 postfix-170.55.103.23/cleanup[6979]: CBF9A3D47B: message-id=<h-c4a85fbb29b382554539b0c47f29afef@h-5e67b9b4406.com>
Sep  4 01:24:46 smtpnode06 postfix-170.55.103.23/qmgr[2710]: CBF9A3D47B: from=<h-031a55e5a6a901a7be94@h-5e67b9b4406.com>, size=11125, nrcpt=1 (queue active)
Sep  4 01:24:46 smtpnode06 postfix-170.55.103.23/smtp[6980]: B627A3D477: to=<h-5f6e5c5f5@h-7db8006395b.com>, relay=170.55.103.23[170.55.103.23]:2501, delay=0.15, delays=0.13/0/0/0.02, dsn=2.0.0, status=sent (250 2.0.0 Ok: queued as CBF9A3D47B)
Sep  4 01:24:46 smtpnode06 postfix-170.55.103.23/qmgr[2710]: B627A3D477: removed
Sep  4 01:24:46 smtpnode06 postfix-170.55.103.23/smtpd[5946]: disconnect from h-d31ae31e5f8e95fe54a540[170.55.103.23] ehlo=1 mail=1 rcpt=1 data=1 quit=1 commands=5
Sep  4 01:24:46 smtpnode06 postfix-170.55.103.23/smtp[5974]: 1CC413D478: to=<h-6b979e4896@h-08ceebeebe29ca.com>, relay=h-da673c1d2ddcbfc6477ba783c45918[254.112.90.83]:25, delay=3.7, delays=0.02/0/3.3/0.46, dsn=2.6.0, status=sent (250 2.6.0 <h-6e5ad4d0201e71e0f6b42b3b78a39679@h-5e67b9b4406.com> [InternalId=7812545545535, Hostname=h-a44fbd3c1608fe838a4cbc2.h-ae356a81c0f1953ae829d6902d5] 18750 bytes in 0.207, 88.284 KB/sec Queued mail for delivery -> 250 2.1.5)
Sep  4 01:24:46 smtpnode06 postfix-170.55.103.23/qmgr[2710]: 1CC413D478: removed
Sep  4 01:24:46 smtpnode06 postfix-170.55.103.23/smtpd[5965]: disconnect from h-d04c17c68166c9deda13c8e79ad[112.83.23.93] ehlo=1 mail=1 rcpt=1 data=1 quit=1 commands=5
Sep  4 01:24:47 smtpnode06 postfix-170.55.103.23/smtp[6941]: Trusted TLS connection established to h-bbc4b9165ca87161771776f10f217c9a551bfc[254.112.112.83]:25: TLSv1.2 with cipher ECDHE-RSA-AES256-SHA384 (256/256 bits)
Sep  4 01:24:48 smtpnode06 postfix-170.55.103.23/smtp[6941]: CBF9A3D47B: to=<h-5f6e5c5f5@h-7db8006395b.com>, relay=h-bbc4b9165ca87161771776f10f217c9a551bfc[254.112.112.83]:25, delay=1.6, delays=0.02/0/0.96/0.65, dsn=2.6.0, status=sent (250 2.6.0 <h-c4a85fbb29b382554539b0c47f29afef@h-5e67b9b4406.com> [InternalId=54211077241354, Hostname=h-adc0d26d2b7b09fd6546e84.h-ae356a81c0f1953ae829d6902d5] 18719 bytes in 0.268, 68.013 KB/sec Queued mail for delivery -> 250 2.1.5)
Sep  4 01:24:48 smtpnode06 postfix-170.55.103.23/qmgr[2710]: CBF9A3D47B: removed
Sep  4 01:24:50 smtpnode06 postfix-170.55.103.23/smtpd[5963]: connect from h-d04c17c68166c9deda13c8e79ad[112.83.23.93]
Sep  4 01:24:50 smtpnode06 postfix-170.55.103.23/smtpd[5963]: D30F53D477: client=h-d04c17c68166c9deda13c8e79ad[112.83.23.93]
Sep  4 01:24:50 smtpnode06 postfix-170.55.103.23/cleanup[6979]: D30F53D477: message-id=<h-afc205688db1a3f3a32d4bcdd0b7dc4c@h-5e67b9b4406.com>
Sep  4 01:24:50 smtpnode06 postfix-170.55.103.23/qmgr[2710]: D30F53D477: from=<h-031a55e5a6a901a7be94@h-5e67b9b4406.com>, size=10497, nrcpt=1 (queue active)
Sep  4 01:24:50 smtpnode06 h-353d61658b320[3912]: connect from 170.55.103.23
Sep  4 01:24:50 smtpnode06 postfix-170.55.103.23/smtpd[5993]: connect from h-d31ae31e5f8e95fe54a540[170.55.103.23]
Sep  4 01:24:50 smtpnode06 postfix-170.55.103.23/smtp[6980]: discarding EHLO keywords: 8BITMIME STARTTLS
Sep  4 01:24:50 smtpnode06 postfix-170.55.103.23/smtpd[5993]: E88B13D478: client=h-d31ae31e5f8e95fe54a540[170.55.103.23]
Sep  4 01:24:50 smtpnode06 h-353d61658b320[3912]: DKIM signing - signed; message-id=<h-afc205688db1a3f3a32d4bcdd0b7dc4c@h-5e67b9b4406.com>, signer=<@h-5e67b9b4406>, from=<h-5bdcd3c@h-01edc2ce3966fe46cf1e.com>
Sep  4 01:24:50 smtpnode06 postfix-170.55.103.23/cleanup[6979]: E88B13D478: message-id=<h-afc205688db1a3f3a32d4bcdd0b7dc4c@h-5e67b9b4406.com>
Sep  4 01:24:50 smtpnode06 postfix-170.55.103.23/qmgr[2710]: E88B13D478: from=<h-031a55e5a6a901a7be94@h-5e67b9b4406.com>, size=11109, nrcpt=1 (queue active)
Sep  4 01:24:50 smtpnode06 postfix-170.55.103.23/smtp[6980]: D30F53D477: to=<h-9f605d@h-7db8006395b.com>, relay=170.55.103.23[170.55.103.23]:2501, delay=0.15, delays=0.12/0/0/0.02, dsn=2.0.0, status=sent (250 2.0.0 Ok: queued as E88B13D478)
Sep  4 01:24:50 smtpnode06 postfix-170.55.103.23/qmgr[2710]: D30F53D477: removed
Sep  4 01:24:50 smtpnode06 postfix-170.55.103.23/smtpd[5993]: disconnect from h-d31ae31e5f8e95fe54a540[170.55.103.23] ehlo=1 mail=1 rcpt=1 data=1 quit=1 commands=5
Sep  4 01:24:50 smtpnode06 postfix-170.55.103.23/smtpd[5963]: disconnect from h-d04c17c68166c9deda13c8e79ad[112.83.23.93] ehlo=1 mail=1 rcpt=1 data=1 quit=1 commands=5
Sep  4 01:24:51 smtpnode06 postfix-170.55.103.23/smtp[6934]: Trusted TLS connection established to h-bbc4b9165ca87161771776f10f217c9a551bfc[254.112.112.83]:25: TLSv1.2 with cipher ECDHE-RSA-AES256-GCM-SHA384 (256/256 bits)
Sep  4 01:24:52 smtpnode06 postfix-170.55.103.23/smtp[6934]: E88B13D478: to=<h-9f605d@h-7db8006395b.com>, relay=h-bbc4b9165ca87161771776f10f217c9a551bfc[254.112.112.83]:25, delay=1.9, delays=0.02/0/0.23/1.6, dsn=2.6.0, status=sent (250 2.6.0 <h-afc205688db1a3f3a32d4bcdd0b7dc4c@h-5e67b9b4406.com> [InternalId=54846732400801, Hostname=h-5d8bed2de1bf4146860fe14.h-ae356a81c0f1953ae829d6902d5] 18715 bytes in 0.334, 54.578 KB/sec Queued mail for delivery -> 250 2.1.5)
Sep  4 01:24:52 smtpnode06 postfix-170.55.103.23/qmgr[2710]: E88B13D478: removed
Sep  4 01:24:53 smtpnode06 postfix-170.55.103.23/smtpd[5965]: connect from h-d04c17c68166c9deda13c8e79ad[112.83.23.93]
Sep  4 01:24:53 smtpnode06 postfix-170.55.103.23/smtpd[5965]: A16523D477: client=h-d04c17c68166c9deda13c8e79ad[112.83.23.93]
