Dec  9 10:18:23 mail postfix/submission/smtpd[9708]: connect from some.domain.name[1.2.3.4]
Dec  9 10:18:23 mail postfix/submission/smtpd[20040]: connect from client.example.com[89.247.252.52]
Dec  9 10:18:23 mail postfix/submission/smtpd[9708]: Anonymous TLS connection established from some.domain.name[1.2.3.4]: TLSv1.2 with cipher ECDHE-RSA-AES256-GCM-SHA384 (256/256 bits)
Dec  9 10:18:23 mail postfix/submission/smtpd[20040]: Anonymous TLS connection established from i59f7fc34.versanet.de[89.247.252.52]: TLSv1.3 with cipher TLS_AES_256_GCM_SHA384 (256/256 bits) key-exchange X25519 server-signature RSA-PSS (2048 bits)
Dec  9 10:18:23 mail postfix/submission/smtpd[9708]: 4AA091855DA0: client=some.domain.name[1.2.3.4], sasl_method=PLAIN, sasl_username=user@sender.com
Dec  9 10:18:23 mail postfix/submission/smtpd[20040]: BA8F630001DA: client=client.example.com[89.247.252.52], sasl_method=PLAIN, sasl_username=sender@mydomain.com
Dec  9 10:18:23 mail postfix/sender-cleanup/cleanup[9709]: 4AA091855DA0: message-id=<ca10035e-2951-bfd5-ec7e-1a5773fce1cd@mail.sender.com>
Dec  9 10:18:23 mail postfix/sender-cleanup/cleanup[20048]: BA8F630001DA: message-id=<264dc34c-ad52-466c-6d41-6622dfced3b8@mydomain.com>
Dec  9 10:18:23 mail postfix/sender-cleanup/cleanup[9709]: 4AA091855DA0: replace: header MIME-Version: 1.0 from some.domain.name[1.2.3.4]; from=<user@sender.com> to=<invalid.email@example.com> proto=ESMTP helo=<[192.168.0.178]>: Mime-Version: 1.0
Dec  9 10:18:23 mail postfix/sender-cleanup/cleanup[20048]: BA8F630001DA: replace: header MIME-Version: 1.0 from client.example.com[89.247.252.52]; from=<sender@mydomain.com> to=<recipient1@dst2.example.com> proto=ESMTP helo=<[192.168.0.170]>: Mime-Version: 1.0
Dec  9 10:18:23 mail opendkim[235]: 4AA091855DA0: DKIM-Signature field added (s=mail, d=mail.sender.com)
Dec  9 10:18:23 mail postfix/qmgr[3398]: BA8F630001DA: from=<sender@mydomain.com>, size=502, nrcpt=5 (queue active)
Dec  9 10:18:23 mail postfix/qmgr[1005]: 4AA091855DA0: from=<user@sender.com>, size=391, nrcpt=1 (queue active)
Dec  9 10:18:23 mail postfix/submission/smtpd[20040]: disconnect from client.example.com[89.247.252.52] ehlo=2 starttls=1 auth=1 mail=1 rcpt=5 data=1 quit=1 commands=12
Dec  9 10:18:24 mail postfix/submission/smtpd[9708]: disconnect from some.domain.name[1.2.3.4] ehlo=2 starttls=1 auth=1 mail=1 rcpt=1 data=1 quit=1 commands=8
Dec  9 10:18:24 mail postfix/smtpd[20051]: connect from localhost[127.0.0.1]
Dec  9 10:18:24 mail postfix/smtpd[9715]: connect from localhost[127.0.0.1]
Dec  9 10:18:24 mail postfix/smtpd[20051]: 1310930001DB: client=localhost[127.0.0.1]
Dec  9 10:18:24 mail postfix/smtpd[9715]: 776E41855DB2: client=localhost[127.0.0.1]
Dec  9 10:18:24 mail postfix/cleanup[20052]: 1310930001DB: message-id=<264dc34c-ad52-466c-6d41-6622dfced3b8@mydomain.com>
Dec  9 10:18:24 mail postfix/cleanup[9716]: 776E41855DB2: message-id=<ca10035e-2951-bfd5-ec7e-1a5773fce1cd@mail.sender.com>
Dec  9 10:18:24 mail postfix/smtpd[20051]: disconnect from localhost[127.0.0.1] ehlo=1 mail=1 rcpt=5 data=1 quit=1 commands=9
Dec  9 10:18:24 mail postfix/qmgr[1005]: 776E41855DB2: from=<user@sender.com>, size=1111, nrcpt=1 (queue active)
Dec  9 10:18:24 mail postfix/qmgr[3398]: 1310930001DB: from=<sender@mydomain.com>, size=1188, nrcpt=5 (queue active)
Dec  9 10:18:24 mail postfix/smtpd[9715]: disconnect from localhost[127.0.0.1] ehlo=1 mail=1 rcpt=1 data=1 quit=1 commands=5
Dec  9 10:18:24 mail postfix/smtp[20049]: BA8F630001DA: to=<recipient1@dst3.example.com>, relay=127.0.0.1[127.0.0.1]:10024, delay=0.38, delays=0.23/0.02/0/0.13, dsn=2.0.0, status=sent (250 2.0.0 from MTA(smtp:[127.0.0.1]:10025): 250 2.0.0 Ok: queued as 1310930001DB)
Dec  9 10:18:24 mail amavis[2279]: (02279-04) Passed CLEAN {RelayedOpenRelay}, [1.2.3.4]:6101 [1.2.3.4] <user@sender.com> -> <invalid.email@example.com>, Queue-ID: 4AA091855DA0, Message-ID: <ca10035e-2951-bfd5-ec7e-1a5773fce1cd@mail.sender.com>, mail_id: 6aLEkMwQa8H2, Hits: -, size: 888, queued_as: 776E41855DB2, 80 ms
Dec  9 10:18:24 mail postfix/smtp[20049]: BA8F630001DA: to=<recipient42@example.com>, relay=127.0.0.1[127.0.0.1]:10024, delay=0.38, delays=0.23/0.02/0/0.13, dsn=2.0.0, status=sent (250 2.0.0 from MTA(smtp:[127.0.0.1]:10025): 250 2.0.0 Ok: queued as 1310930001DB)
Dec  9 10:18:24 mail postfix/smtp[9710]: 4AA091855DA0: to=<invalid.email@example.com>, relay=127.0.0.1[127.0.0.1]:10024, delay=0.23, delays=0.15/0/0/0.08, dsn=2.0.0, status=sent (250 2.0.0 from MTA(smtp:[127.0.0.1]:10025): 250 2.0.0 Ok: queued as 776E41855DB2)
Dec  9 10:18:24 mail postfix/smtp[20049]: BA8F630001DA: to=<recipient1@dst1.example.com>, relay=127.0.0.1[127.0.0.1]:10024, delay=0.38, delays=0.23/0.02/0/0.13, dsn=2.0.0, status=sent (250 2.0.0 from MTA(smtp:[127.0.0.1]:10025): 250 2.0.0 Ok: queued as 1310930001DB)
Dec  9 10:18:24 mail postfix/qmgr[1005]: 4AA091855DA0: removed
Dec  9 10:18:24 mail postfix/smtp[20049]: BA8F630001DA: to=<recipient1@dst4.example.com>, relay=127.0.0.1[127.0.0.1]:10024, delay=0.38, delays=0.23/0.02/0/0.13, dsn=2.0.0, status=sent (250 2.0.0 from MTA(smtp:[127.0.0.1]:10025): 250 2.0.0 Ok: queued as 1310930001DB)
Dec  9 10:18:24 mail dovecot: imap(user@sender.com)<9755><fJVypiunzhdZ9/xL>: Connection closed (IDLE running for 0.001 + waiting input for 0.001 secs, 2 B in + 10+10 B out, state=wait-input) in=780 out=1920 deleted=0 expunged=0 trashed=0 hdr_count=1 hdr_bytes=270 body_count=0 body_bytes=0
Dec  9 10:18:24 mail postfix/smtp[20049]: BA8F630001DA: to=<recipient1@dst2.example.com>, relay=127.0.0.1[127.0.0.1]:10024, delay=0.38, delays=0.23/0.02/0/0.13, dsn=2.0.0, status=sent (250 2.0.0 from MTA(smtp:[127.0.0.1]:10025): 250 2.0.0 Ok: queued as 1310930001DB)
Dec  9 10:18:24 mail postfix/smtp[9890]: Trusted TLS connection established to mx.example.com[11.22.33.44]:25: TLSv1.2 with cipher ECDHE-RSA-AES256-GCM-SHA384 (256/256 bits)
Dec  9 10:18:24 mail postfix/qmgr[3398]: BA8F630001DA: removed
Dec  9 10:18:25 mail postfix/smtp[9890]: 776E41855DB2: to=<invalid.email@example.com>, relay=mx.example.com[11.22.33.44]:25, delay=1.9, delays=0/0/1.5/0.37, dsn=5.1.1, status=bounced (host mx.example.com[11.22.33.44] said: 550 5.1.1 <invalid.email@example.com> User unknown (in reply to RCPT TO command))
Dec  9 10:18:25 mail postfix/smtp[20054]: 1310930001DB: to=<recipient42@example.com>, relay=none, delay=0.09, delays=0.02/0.05/0.02/0, dsn=5.1.0, status=bounced (Domain example.com does not accept mail (nullMX))
Dec  9 10:18:25 mail postfix/cleanup[9716]: A48191855DA0: message-id=<20200603104059.A48191855DA0@mail.sender.com>
Dec  9 10:18:25 mail postfix/smtp[20055]: Trusted TLS connection established to gmail-smtp-in.l.google.com[74.125.206.26]:25: TLSv1.3 with cipher TLS_AES_256_GCM_SHA384 (256/256 bits) key-exchange X25519 server-signature ECDSA (P-256) server-digest SHA256
Dec  9 10:18:25 mail postfix/qmgr[1005]: A48191855DA0: from=<>, size=3147, nrcpt=1 (queue active)
Dec  9 10:18:25 mail postfix/smtp[20056]: 1310930001DB: to=<recipient1@dst4.example.com>, relay=hotmail-com.olc.protection.outlook.com[104.47.10.33]:25, delay=0.22, delays=0.02/0.08/0.09/0.03, dsn=5.7.1, status=bounced (host hotmail-com.olc.protection.outlook.com[104.47.10.33] said: 550 5.7.1 Unfortunately, messages from [142.93.169.220] weren't sent. Please contact your Internet service provider since part of their network is on our block list (S3140). You can also refer your provider to http://mail.live.com/mail/troubleshooting.aspx#errors. [DB5EUR03FT029.eop-EUR03.prod.protection.outlook.com] (in reply to MAIL FROM command))
Dec  9 10:18:25 mail postfix/bounce[9719]: 776E41855DB2: sender non-delivery notification: A48191855DA0
Dec  9 10:18:25 mail postfix/smtp[20056]: 1310930001DB: lost connection with hotmail-com.olc.protection.outlook.com[104.47.10.33] while sending RCPT TO
Dec  9 10:18:25 mail postfix/qmgr[1005]: 776E41855DB2: removed
Dec  9 10:18:25 mail postfix/smtp[20053]: Trusted TLS connection established to aspmx.l.google.com[74.125.143.26]:25: TLSv1.3 with cipher TLS_AES_256_GCM_SHA384 (256/256 bits) key-exchange X25519 server-signature ECDSA (P-256) server-digest SHA256
Dec  9 10:18:25 mail dovecot: lmtp(9956): Connect from local
Dec  9 10:18:25 mail postfix/smtp[20053]: 1310930001DB: to=<recipient1@dst3.example.com>, relay=aspmx.l.google.com[74.125.143.26]:25, delay=0.34, delays=0.02/0.03/0.26/0.03, dsn=5.1.1, status=bounced (host aspmx.l.google.com[74.125.143.26] said: 550-5.1.1 The email account that you tried to reach does not exist. Please try 550-5.1.1 double-checking the recipient's email address for typos or 550-5.1.1 unnecessary spaces. Learn more at 550 5.1.1  https://support.google.com/mail/?p=NoSuchUser od20si504618ejb.621 - gsmtp (in reply to RCPT TO command))
Dec  9 10:18:25 mail dovecot: lmtp(user@sender.com)<9956><IkiQKTt+117kJgAAWP5Hkg>: msgid=<20200603104059.A48191855DA0@mail.sender.com>: saved mail to INBOX
Dec  9 10:18:25 mail postfix/smtp[20055]: 1310930001DB: to=<recipient1@dst1.example.com>, relay=gmail-smtp-in.l.google.com[74.125.206.26]:25, delay=0.55, delays=0.02/0.06/0.16/0.31, dsn=2.0.0, status=sent (250 2.0.0 OK  1607509104 z6si1138927wrp.107 - gsmtp)
Dec  9 10:18:25 mail dovecot: lmtp(9956): Disconnect from local: Client has quit the connection (state=READY)
Dec  9 10:18:25 mail postfix/smtp[20058]: Trusted TLS connection established to mx.zoho.com[136.143.191.44]:25: TLSv1.2 with cipher ECDHE-RSA-AES256-SHA (256/256 bits)
Dec  9 10:18:25 mail postfix/lmtp[9717]: A48191855DA0: to=<user@sender.com>, relay=mail.sender.com[/var/run/dovecot/lmtp], delay=0.03, delays=0.01/0/0.02/0.01, dsn=2.0.0, status=sent (250 2.0.0 <user@sender.com> IkiQKTt+117kJgAAWP5Hkg Saved)
Dec  9 10:18:26 mail postfix/smtp[20058]: 1310930001DB: to=<recipient1@dst2.example.com>, relay=mx.zoho.com[136.143.191.44]:25, delay=2.7, delays=0.02/0.11/1.3/1.3, dsn=2.0.0, status=sent (250 Message received)
Dec  9 10:18:26 mail postfix/qmgr[1005]: A48191855DA0: removed
Dec  9 10:18:26 mail postfix/cleanup[20052]: C7B4530001DA: message-id=<20201209101826.C7B4530001DA@mail.mydomain.com>
Dec  9 10:18:26 mail postfix/qmgr[3398]: C7B4530001DA: from=<>, size=5006, nrcpt=1 (queue active)
Dec  9 10:18:26 mail postfix/bounce[20057]: 1310930001DB: sender non-delivery notification: C7B4530001DA
Dec  9 10:18:26 mail postfix/qmgr[3398]: 1310930001DB: removed
Dec  9 10:18:26 mail postfix/lmtp[20071]: C7B4530001DA: to=<sender@mydomain.com>, relay=mail.mydomain.com[/var/run/dovecot/lmtp], delay=0.04, delays=0/0.01/0.01/0.01, dsn=2.0.0, status=sent (250 2.0.0 <sender@mydomain.com> b18/MnKk0F9oTgAAWP5Hkg Saved)
Dec  9 10:18:26 mail postfix/qmgr[3398]: C7B4530001DA: removed
